<html>
<body>
<pre>
<h1>礦ision Build Log</h1>
<h2>Tool Versions:</h2>
IDE-Version: μVision V5.14.0.0
Copyright (C) 2015 ARM Ltd and ARM Germany GmbH. All rights reserved.
License Information: aa a, a, LIC=DSNX7-EBQ6U-17XRR-KBEZ1-3HTES-FB8YB
 
Tool Versions:
Toolchain:       MDK-ARM Professional  Version: 5.14.0.0
Toolchain Path:  e:\Keil_v5\ARM\ARMCC\Bin
C Compiler:      Armcc.exe V5.05 update 1 (build 106)
Assembler:       Armasm.exe V5.05 update 1 (build 106)
Linker/Locator:  ArmLink.exe V5.05 update 1 (build 106)
Library Manager: ArmAr.exe V5.05 update 1 (build 106)
Hex Converter:   FromElf.exe V5.05 update 1 (build 106)
CPU DLL:         SARMCM3.DLL V5.14.0.0
Dialog DLL:      DARMSTM.DLL V1.65.0.0
Target DLL:      STLink\ST-LINKIII-KEIL_SWO.dll V2.0.14.0_KEIL
Dialog DLL:      TARMSTM.DLL V1.64.0.0
 
<h2>Project:</h2>
F:\单片机课程设计\CurriculumDesign\USER\DS18B20.uvprojx
Project File Date:  05/24/2019

<h2>Output:</h2>
Build target 'Target 1'
compiling main.c...
main.c(18): warning:  #550-D: variable "FLASH_SIZE" was set but never used
        u32 FLASH_SIZE;
main.c: 1 warning, 0 errors
linking...
Program Size: Code=32980 RO-data=6728 RW-data=60 ZI-data=5964  
FromELF: creating hex file...
"..\OBJ\DS18B20.axf" - 0 Error(s), 1 Warning(s).

<h2>Collection of Component include folders:</h2>
  F:\单片机课程设计\CurriculumDesign\USER\RTE
  e:\Keil_v5\ARM\PACK\Keil\STM32F1xx_DFP\1.0.5\Device\Include

<h2>Collection of Component Files used:</h2>
</pre>
</body>
</html>
