Component: ARM Compiler 5.05 update 1 (build 106) Tool: armlink [4d0efa]

==============================================================================

Section Cross References

    main.o(.text) refers to _printf_percent.o(.ARM.Collect$$_printf_percent$$00000000) for _printf_percent
    main.o(.text) refers to _printf_d.o(.ARM.Collect$$_printf_percent$$00000009) for _printf_d
    main.o(.text) refers to _printf_dec.o(.text) for _printf_int_dec
    main.o(.text) refers to _printf_s.o(.ARM.Collect$$_printf_percent$$00000014) for _printf_s
    main.o(.text) refers to _printf_str.o(.text) for _printf_str
    main.o(.text) refers to delay.o(.text) for delay_init
    main.o(.text) refers to usart.o(.text) for uart_init
    main.o(.text) refers to led.o(.text) for LED_Init
    main.o(.text) refers to lcd.o(.text) for LCD_Init
    main.o(.text) refers to key.o(.text) for KEY_Init
    main.o(.text) refers to flash.o(.text) for SPI_Flash_Init
    main.o(.text) refers to ds18b20.o(.text) for DS18B20_Init
    main.o(.text) refers to noretval__2sprintf.o(.text) for __2sprintf
    main.o(.text) refers to noretval__2printf.o(.text) for __2printf
    main.o(.text) refers to atoi.o(.text) for atoi
    main.o(.text) refers to lcd.o(.data) for POINT_COLOR
    main.o(.data) refers to main.o(.conststring) for .conststring
    system_stm32f10x.o(.text) refers to system_stm32f10x.o(.data) for SystemCoreClock
    led.o(.text) refers to stm32f10x_rcc.o(.text) for RCC_APB2PeriphClockCmd
    led.o(.text) refers to stm32f10x_gpio.o(.text) for GPIO_Init
    lcd.o(.text) refers to _printf_percent.o(.ARM.Collect$$_printf_percent$$00000000) for _printf_percent
    lcd.o(.text) refers to _printf_x.o(.ARM.Collect$$_printf_percent$$0000000C) for _printf_x
    lcd.o(.text) refers to _printf_hex_int.o(.text) for _printf_longlong_hex
    lcd.o(.text) refers to delay.o(.text) for delay_us
    lcd.o(.text) refers to lcd.o(.bss) for lcddev
    lcd.o(.text) refers to dflt_clz.o(x$fpl$dfltu) for __aeabi_ui2d
    lcd.o(.text) refers to dmul.o(x$fpl$dmul) for __aeabi_dmul
    lcd.o(.text) refers to dfixu.o(x$fpl$dfixu) for __aeabi_d2uiz
    lcd.o(.text) refers to lcd.o(.data) for POINT_COLOR
    lcd.o(.text) refers to stm32f10x_rcc.o(.text) for RCC_APB2PeriphClockCmd
    lcd.o(.text) refers to stm32f10x_gpio.o(.text) for GPIO_PinRemapConfig
    lcd.o(.text) refers to noretval__2printf.o(.text) for __2printf
    lcd.o(.text) refers to lcd.o(.constdata) for asc2_1206
    ds18b20.o(.text) refers to delay.o(.text) for delay_us
    ds18b20.o(.text) refers to stm32f10x_rcc.o(.text) for RCC_APB2PeriphClockCmd
    ds18b20.o(.text) refers to stm32f10x_gpio.o(.text) for GPIO_Init
    ds18b20.o(.text) refers to fflt_clz.o(x$fpl$fflt) for __aeabi_i2f
    ds18b20.o(.text) refers to f2d.o(x$fpl$f2d) for __aeabi_f2d
    ds18b20.o(.text) refers to dmul.o(x$fpl$dmul) for __aeabi_dmul
    ds18b20.o(.text) refers to dfix.o(x$fpl$dfix) for __aeabi_d2iz
    flash.o(.text) refers to spi.o(.text) for SPI1_ReadWriteByte
    flash.o(.text) refers to stm32f10x_rcc.o(.text) for RCC_APB2PeriphClockCmd
    flash.o(.text) refers to stm32f10x_gpio.o(.text) for GPIO_Init
    flash.o(.text) refers to delay.o(.text) for delay_us
    flash.o(.text) refers to flash.o(.data) for SPI_FLASH_TYPE
    flash.o(.text) refers to flash.o(.bss) for SPI_FLASH_BUF
    key.o(.text) refers to stm32f10x_rcc.o(.text) for RCC_APB2PeriphClockCmd
    key.o(.text) refers to stm32f10x_gpio.o(.text) for GPIO_PinRemapConfig
    key.o(.text) refers to delay.o(.text) for delay_ms
    key.o(.text) refers to key.o(.data) for key_up
    spi.o(.text) refers to stm32f10x_spi.o(.text) for SPI_I2S_GetFlagStatus
    spi.o(.text) refers to stm32f10x_rcc.o(.text) for RCC_APB2PeriphClockCmd
    spi.o(.text) refers to stm32f10x_gpio.o(.text) for GPIO_Init
    spi.o(.text) refers to spi.o(.bss) for SPI_InitStructure
    delay.o(.text) refers to misc.o(.text) for SysTick_CLKSourceConfig
    delay.o(.text) refers to system_stm32f10x.o(.data) for SystemCoreClock
    delay.o(.text) refers to delay.o(.data) for fac_us
    usart.o(.text) refers (Special) to use_no_semi_2.o(.text) for __use_no_semihosting
    usart.o(.text) refers to stm32f10x_rcc.o(.text) for RCC_APB2PeriphClockCmd
    usart.o(.text) refers to stm32f10x_gpio.o(.text) for GPIO_Init
    usart.o(.text) refers to misc.o(.text) for NVIC_Init
    usart.o(.text) refers to stm32f10x_usart.o(.text) for USART_Init
    usart.o(.text) refers to usart.o(.data) for USART_RX_STA
    usart.o(.text) refers to usart.o(.bss) for USART_RX_BUF
    usart.o(.bss) refers (Special) to use_no_semi_2.o(.text) for __use_no_semihosting
    usart.o(.data) refers (Special) to use_no_semi_2.o(.text) for __use_no_semihosting
    startup_stm32f10x_hd.o(STACK) refers (Special) to heapauxi.o(.text) for __use_two_region_memory
    startup_stm32f10x_hd.o(HEAP) refers (Special) to heapauxi.o(.text) for __use_two_region_memory
[...]
    libinit2.o(.ARM.Collect$$libinit$$00000012) refers (Weak) to lc_ctype_c.o(locale$$code) for _get_lc_ctype
    libinit2.o(.ARM.Collect$$libinit$$00000014) refers to libinit2.o(.ARM.Collect$$libinit$$0000000F) for .ARM.Collect$$libinit$$0000000F
    libinit2.o(.ARM.Collect$$libinit$$00000016) refers to libinit2.o(.ARM.Collect$$libinit$$0000000F) for .ARM.Collect$$libinit$$0000000F
    libinit2.o(.ARM.Collect$$libinit$$00000018) refers to libinit2.o(.ARM.Collect$$libinit$$0000000F) for .ARM.Collect$$libinit$$0000000F
    libinit2.o(.ARM.Collect$$libinit$$00000026) refers to argv_veneer.o(.emb_text) for __ARM_argv_veneer
    libinit2.o(.ARM.Collect$$libinit$$00000027) refers to argv_veneer.o(.emb_text) for __ARM_argv_veneer
    rtexit2.o(.ARM.Collect$$rtexit$$00000003) refers to libshutdown.o(.ARM.Collect$$libshutdown$$00000000) for __rt_lib_shutdown
    rtexit2.o(.ARM.Collect$$rtexit$$00000004) refers to usart.o(.text) for _sys_exit
    rtexit2.o(.ARM.exidx) refers to rtexit2.o(.ARM.Collect$$rtexit$$00000001) for .ARM.Collect$$rtexit$$00000001
    rtexit2.o(.ARM.exidx) refers to rtexit2.o(.ARM.Collect$$rtexit$$00000003) for .ARM.Collect$$rtexit$$00000003
    rtexit2.o(.ARM.exidx) refers to rtexit2.o(.ARM.Collect$$rtexit$$00000004) for .ARM.Collect$$rtexit$$00000004
    argv_veneer.o(.emb_text) refers to no_argv.o(.text) for __ARM_get_argv
    _get_argv_nomalloc.o(.text) refers (Special) to hrguard.o(.text) for __heap_region$guard
    _get_argv_nomalloc.o(.text) refers to defsig_rtmem_outer.o(.text) for __rt_SIGRTMEM
    _get_argv_nomalloc.o(.text) refers to sys_command.o(.text) for _sys_command_string
    libshutdown.o(.ARM.Collect$$libshutdown$$00000000) refers (Special) to libshutdown2.o(.ARM.Collect$$libshutdown$$00000006) for __rt_lib_shutdown_fp_trap_1
    libshutdown.o(.ARM.Collect$$libshutdown$$00000000) refers (Special) to libshutdown2.o(.ARM.Collect$$libshutdown$$0000000E) for __rt_lib_shutdown_heap_1
    libshutdown.o(.ARM.Collect$$libshutdown$$00000000) refers (Special) to libshutdown2.o(.ARM.Collect$$libshutdown$$0000000F) for __rt_lib_shutdown_return
    libshutdown.o(.ARM.Collect$$libshutdown$$00000000) refers (Special) to libshutdown2.o(.ARM.Collect$$libshutdown$$00000009) for __rt_lib_shutdown_signal_1
    libshutdown.o(.ARM.Collect$$libshutdown$$00000000) refers (Special) to libshutdown2.o(.ARM.Collect$$libshutdown$$00000003) for __rt_lib_shutdown_stdio_1
    libshutdown.o(.ARM.Collect$$libshutdown$$00000000) refers (Special) to libshutdown2.o(.ARM.Collect$$libshutdown$$0000000B) for __rt_lib_shutdown_user_alloc_1
    sys_command.o(.text) refers (Special) to use_no_semi.o(.text) for __I$use$semihosting
    sys_command.o(.text) refers (Special) to indicate_semi.o(.text) for __semihosting_library_function
    defsig_rtmem_outer.o(.text) refers to defsig_rtmem_inner.o(.text) for __rt_SIGRTMEM_inner
    defsig_rtmem_outer.o(.text) refers to defsig_exit.o(.text) for __sig_exit
    defsig_rtmem_formal.o(.text) refers to rt_raise.o(.text) for __rt_raise
    rt_raise.o(.text) refers to __raise.o(.text) for __raise
    rt_raise.o(.text) refers to usart.o(.text) for _sys_exit
    defsig_exit.o(.text) refers to usart.o(.text) for _sys_exit
    defsig_rtmem_inner.o(.text) refers to defsig_general.o(.text) for __default_signal_display
    __raise.o(.text) refers to defsig.o(CL$$defsig) for __default_signal_handler
    defsig_general.o(.text) refers to sys_wrch.o(.text) for _ttywrch
    sys_wrch.o(.text) refers (Special) to use_no_semi.o(.text) for __I$use$semihosting
    sys_wrch.o(.text) refers (Special) to indicate_semi.o(.text) for __semihosting_library_function
    defsig.o(CL$$defsig) refers to defsig_rtmem_inner.o(.text) for __rt_SIGRTMEM_inner
    defsig_abrt_inner.o(.text) refers to defsig_general.o(.text) for __default_signal_display
    defsig_fpe_inner.o(.text) refers to defsig_general.o(.text) for __default_signal_display
    defsig_rtred_inner.o(.text) refers to defsig_general.o(.text) for __default_signal_display
    defsig_stak_inner.o(.text) refers to defsig_general.o(.text) for __default_signal_display
    defsig_pvfn_inner.o(.text) refers to defsig_general.o(.text) for __default_signal_display
    defsig_cppl_inner.o(.text) refers to defsig_general.o(.text) for __default_signal_display
    defsig_segv_inner.o(.text) refers to defsig_general.o(.text) for __default_signal_display
    defsig_other.o(.text) refers to defsig_general.o(.text) for __default_signal_display


==============================================================================

Removing Unused input sections from the image.

    Removing main.o(.constdata), (19 bytes).
    Removing main.o(.conststring), (3 bytes).
    Removing main.o(.data), (4 bytes).
    Removing sys.o(.emb_text), (6 bytes).
    Removing sys.o(.text), (12 bytes).
    Removing core_cm3.o(.emb_text), (32 bytes).
    Removing stm32f10x_tim.o(.text), (3610 bytes).
    Removing handle.o(.text), (2 bytes).

8 unused section(s) (total 3688 bytes) removed from the image.

==============================================================================

Image Symbol Table

    Local Symbols

    Symbol Name                              Value     Ov Type        Size  Object(Section)

    ../clib/angel/boardlib.s                 0x00000000   Number         0  boardinit3.o ABSOLUTE
    ../clib/angel/boardlib.s                 0x00000000   Number         0  boardinit2.o ABSOLUTE
    ../clib/angel/boardlib.s                 0x00000000   Number         0  boardinit1.o ABSOLUTE
    ../clib/angel/boardlib.s                 0x00000000   Number         0  boardshut.o ABSOLUTE
    ../clib/angel/handlers.s                 0x00000000   Number         0  __scatter_zi.o ABSOLUTE
    ../clib/angel/handlers.s                 0x00000000   Number         0  __scatter_copy.o ABSOLUTE
    ../clib/angel/kernel.s                   0x00000000   Number         0  __rtentry.o ABSOLUTE
    ../clib/angel/kernel.s                   0x00000000   Number         0  __rtentry2.o ABSOLUTE
    ../clib/angel/kernel.s                   0x00000000   Number         0  rtexit.o ABSOLUTE
    ../clib/angel/kernel.s                   0x00000000   Number         0  __rtentry4.o ABSOLUTE
    ../clib/angel/kernel.s                   0x00000000   Number         0  rtexit2.o ABSOLUTE
    ../clib/angel/rt.s                       0x00000000   Number         0  rt_raise.o ABSOLUTE
    ../clib/angel/rt.s                       0x00000000   Number         0  rt_errno_addr.o ABSOLUTE
    ../clib/angel/rt.s                       0x00000000   Number         0  rt_errno_addr_intlibspace.o ABSOLUTE
    ../clib/angel/rt.s                       0x00000000   Number         0  rt_locale.o ABSOLUTE
    ../clib/angel/rt.s                       0x00000000   Number         0  rt_locale_intlibspace.o ABSOLUTE
    ../clib/angel/rt.s                       0x00000000   Number         0  rt_ctype_table.o ABSOLUTE
    ../clib/angel/scatter.s                  0x00000000   Number         0  __scatter.o ABSOLUTE
    ../clib/angel/startup.s                  0x00000000   Number         0  __main.o ABSOLUTE
    ../clib/angel/sys.s                      0x00000000   Number         0  use_no_semi_2.o ABSOLUTE
    ../clib/angel/sys.s                      0x00000000   Number         0  use_no_semi.o ABSOLUTE
    ../clib/angel/sys.s                      0x00000000   Number         0  libspace.o ABSOLUTE
    ../clib/angel/sys.s                      0x00000000   Number         0  sys_stackheap_outer.o ABSOLUTE
    ../clib/angel/sys.s                      0x00000000   Number         0  indicate_semi.o ABSOLUTE
    ../clib/angel/sysapp.c                   0x00000000   Number         0  sys_command.o ABSOLUTE
    ../clib/angel/sysapp.c                   0x00000000   Number         0  sys_wrch.o ABSOLUTE
    ../clib/armsys.c                         0x00000000   Number         0  no_argv.o ABSOLUTE
    ../clib/armsys.c                         0x00000000   Number         0  argv_veneer.o ABSOLUTE
    ../clib/armsys.c                         0x00000000   Number         0  argv_veneer.o ABSOLUTE
    ../clib/armsys.c                         0x00000000   Number         0  _get_argv_nomalloc.o ABSOLUTE
    ../clib/heapalloc.c                      0x00000000   Number         0  hrguard.o ABSOLUTE
    ../clib/heapaux.c                        0x00000000   Number         0  heapauxi.o ABSOLUTE
    ../clib/libinit.s                        0x00000000   Number         0  libshutdown.o ABSOLUTE
    ../clib/libinit.s                        0x00000000   Number         0  libinit.o ABSOLUTE
    ../clib/libinit.s                        0x00000000   Number         0  libinit2.o ABSOLUTE
    ../clib/libinit.s                        0x00000000   Number         0  libshutdown2.o ABSOLUTE
    ../clib/locale.s                         0x00000000   Number         0  lc_ctype_c.o ABSOLUTE
    ../clib/memcpset.s                       0x00000000   Number         0  strcmpv7m.o ABSOLUTE
    ../clib/printf.c                         0x00000000   Number         0  _printf_char_file.o ABSOLUTE
    ../clib/printf.c                         0x00000000   Number         0  _printf_char.o ABSOLUTE
    ../clib/printf.c                         0x00000000   Number         0  _printf_intcommon.o ABSOLUTE
    ../clib/printf.c                         0x00000000   Number         0  _sputc.o ABSOLUTE
    ../clib/printf.c                         0x00000000   Number         0  __printf_flags_ss.o ABSOLUTE
    ../clib/printf.c                         0x00000000   Number         0  noretval__2printf.o ABSOLUTE
    ../clib/printf.c                         0x00000000   Number         0  __2sprintf.o ABSOLUTE
    ../clib/printf.c                         0x00000000   Number         0  _printf_hex_int.o ABSOLUTE
    ../clib/printf.c                         0x00000000   Number         0  _printf_str.o ABSOLUTE
    ../clib/printf.c                         0x00000000   Number         0  noretval__2sprintf.o ABSOLUTE
    ../clib/printf.c                         0x00000000   Number         0  __printf.o ABSOLUTE
    ../clib/printf.c                         0x00000000   Number         0  _printf_hex_int_ll.o ABSOLUTE
    ../clib/printf.c                         0x00000000   Number         0  __2printf.o ABSOLUTE
    ../clib/printf.c                         0x00000000   Number         0  _printf_hex_int_ptr.o ABSOLUTE
    ../clib/printf.c                         0x00000000   Number         0  _printf_hex_ll_ptr.o ABSOLUTE
    ../clib/printf.c                         0x00000000   Number         0  _printf_hex_int_ll_ptr.o ABSOLUTE
    ../clib/printf.c                         0x00000000   Number         0  __printf_flags.o ABSOLUTE
    ../clib/printf.c                         0x00000000   Number         0  __printf_ss.o ABSOLUTE
    ../clib/printf.c                         0x00000000   Number         0  _printf_hex_ptr.o ABSOLUTE
    ../clib/printf.c                         0x00000000   Number         0  __printf_wp.o ABSOLUTE
    ../clib/printf.c                         0x00000000   Number         0  __printf_flags_wp.o ABSOLUTE
    ../clib/printf.c                         0x00000000   Number         0  __printf_ss_wp.o ABSOLUTE
    ../clib/printf.c                         0x00000000   Number         0  __printf_flags_ss_wp.o ABSOLUTE
    ../clib/printf.c                         0x00000000   Number         0  _printf_char_common.o ABSOLUTE
    ../clib/printf.c                         0x00000000   Number         0  __printf_nopercent.o ABSOLUTE
    ../clib/printf.c                         0x00000000   Number         0  _printf_dec.o ABSOLUTE
    ../clib/printf.c                         0x00000000   Number         0  _printf_hex_ll.o ABSOLUTE
    ../clib/printf_percent.s                 0x00000000   Number         0  _printf_percent.o ABSOLUTE
    ../clib/printf_percent.s                 0x00000000   Number         0  _printf_s.o ABSOLUTE
    ../clib/printf_percent.s                 0x00000000   Number         0  _printf_x.o ABSOLUTE
    ../clib/printf_percent.s                 0x00000000   Number         0  _printf_d.o ABSOLUTE
    ../clib/printf_percent.s                 0x00000000   Number         0  _printf_percent_end.o ABSOLUTE
    ../clib/scanf.c                          0x00000000   Number         0  atoi.o ABSOLUTE
    ../clib/scanf.c                          0x00000000   Number         0  _strtoul.o ABSOLUTE
    ../clib/scanf.c                          0x00000000   Number         0  _chval.o ABSOLUTE
    ../clib/scanf.c                          0x00000000   Number         0  strtol.o ABSOLUTE
    ../clib/signal.c                         0x00000000   Number         0  defsig_rtmem_formal.o ABSOLUTE
    ../clib/signal.c                         0x00000000   Number         0  defsig_rtmem_outer.o ABSOLUTE
    ../clib/signal.c                         0x00000000   Number         0  defsig_other.o ABSOLUTE
    ../clib/signal.c                         0x00000000   Number         0  defsig_segv_inner.o ABSOLUTE
    ../clib/signal.c                         0x00000000   Number         0  defsig_cppl_inner.o ABSOLUTE
    ../clib/signal.c                         0x00000000   Number         0  defsig_pvfn_inner.o ABSOLUTE
    ../clib/signal.c                         0x00000000   Number         0  defsig_stak_inner.o ABSOLUTE
    ../clib/signal.c                         0x00000000   Number         0  defsig_rtred_inner.o ABSOLUTE
    ../clib/signal.c                         0x00000000   Number         0  defsig_fpe_inner.o ABSOLUTE
    ../clib/signal.c                         0x00000000   Number         0  defsig_abrt_inner.o ABSOLUTE
    ../clib/signal.c                         0x00000000   Number         0  defsig_general.o ABSOLUTE
    ../clib/signal.c                         0x00000000   Number         0  __raise.o ABSOLUTE
    ../clib/signal.c                         0x00000000   Number         0  defsig_rtmem_inner.o ABSOLUTE
    ../clib/signal.c                         0x00000000   Number         0  defsig_exit.o ABSOLUTE
    ../clib/signal.s                         0x00000000   Number         0  defsig.o ABSOLUTE
    ../clib/stdio.c                          0x00000000   Number         0  ferror_locked.o ABSOLUTE
    ../clib/stdio.c                          0x00000000   Number         0  ferror.o ABSOLUTE
    ../clib/stdlib.c                         0x00000000   Number         0  exit.o ABSOLUTE
    ../fplib/dfix.s                          0x00000000   Number         0  dfix.o ABSOLUTE
    ../fplib/dfixu.s                         0x00000000   Number         0  dfixu.o ABSOLUTE
    ../fplib/dflt.s                          0x00000000   Number         0  dflt_clz.o ABSOLUTE
    ../fplib/dmul.s                          0x00000000   Number         0  dmul.o ABSOLUTE
    ../fplib/dnaninf.s                       0x00000000   Number         0  dnaninf.o ABSOLUTE
    ../fplib/dretinf.s                       0x00000000   Number         0  dretinf.o ABSOLUTE
    ../fplib/f2d.s                           0x00000000   Number         0  f2d.o ABSOLUTE
    ../fplib/fflt.s                          0x00000000   Number         0  fflt_clz.o ABSOLUTE
    ../fplib/fnaninf.s                       0x00000000   Number         0  fnaninf.o ABSOLUTE
    ../fplib/fpinit.s                        0x00000000   Number         0  fpinit.o ABSOLUTE
    ../fplib/usenofp.s                       0x00000000   Number         0  usenofp.o ABSOLUTE
    ..\CORE\core_cm3.c                       0x00000000   Number         0  core_cm3.o ABSOLUTE
    ..\CORE\startup_stm32f10x_hd.s           0x00000000   Number         0  startup_stm32f10x_hd.o ABSOLUTE
    ..\HANDLE\handle.c                       0x00000000   Number         0  handle.o ABSOLUTE
    ..\HARDWARE\DS18B20\ds18b20.c            0x00000000   Number         0  ds18b20.o ABSOLUTE
    ..\HARDWARE\FLASH\flash.c                0x00000000   Number         0  flash.o ABSOLUTE
    ..\HARDWARE\KEY\key.c                    0x00000000   Number         0  key.o ABSOLUTE
    ..\HARDWARE\LCD\lcd.c                    0x00000000   Number         0  lcd.o ABSOLUTE
    ..\HARDWARE\LED\led.c                    0x00000000   Number         0  led.o ABSOLUTE
    ..\HARDWARE\SPI\spi.c                    0x00000000   Number         0  spi.o ABSOLUTE
    ..\STM32F10x_FWLib\src\misc.c            0x00000000   Number         0  misc.o ABSOLUTE
    ..\STM32F10x_FWLib\src\stm32f10x_gpio.c  0x00000000   Number         0  stm32f10x_gpio.o ABSOLUTE
    ..\STM32F10x_FWLib\src\stm32f10x_rcc.c   0x00000000   Number         0  stm32f10x_rcc.o ABSOLUTE
    ..\STM32F10x_FWLib\src\stm32f10x_spi.c   0x00000000   Number         0  stm32f10x_spi.o ABSOLUTE
    ..\STM32F10x_FWLib\src\stm32f10x_tim.c   0x00000000   Number         0  stm32f10x_tim.o ABSOLUTE
    ..\STM32F10x_FWLib\src\stm32f10x_usart.c 0x00000000   Number         0  stm32f10x_usart.o ABSOLUTE
    ..\SYSTEM\delay\delay.c                  0x00000000   Number         0  delay.o ABSOLUTE
    ..\SYSTEM\sys\sys.c                      0x00000000   Number         0  sys.o ABSOLUTE
    ..\SYSTEM\usart\usart.c                  0x00000000   Number         0  usart.o ABSOLUTE
    ..\\CORE\\core_cm3.c                     0x00000000   Number         0  core_cm3.o ABSOLUTE
    ..\\SYSTEM\\sys\\sys.c                   0x00000000   Number         0  sys.o ABSOLUTE
    dc.s                                     0x00000000   Number         0  dc.o ABSOLUTE
    main.c                                   0x00000000   Number         0  main.o ABSOLUTE
    stm32f10x_it.c                           0x00000000   Number         0  stm32f10x_it.o ABSOLUTE
    system_stm32f10x.c                       0x00000000   Number         0  system_stm32f10x.o ABSOLUTE
    RESET                                    0x08000000   Section      304  startup_stm32f10x_hd.o(RESET)
    !!!main                                  0x08000130   Section        8  __main.o(!!!main)
    !!!scatter                               0x08000138   Section       52  __scatter.o(!!!scatter)
    !!handler_copy                           0x0800016c   Section       26  __scatter_copy.o(!!handler_copy)
    !!handler_zi                             0x08000188   Section       28  __scatter_zi.o(!!handler_zi)
    .ARM.Collect$$_printf_percent$$00000000  0x080001a4   Section        0  _printf_percent.o(.ARM.Collect$$_printf_percent$$00000000)
    .ARM.Collect$$_printf_percent$$00000009  0x080001a4   Section        6  _printf_d.o(.ARM.Collect$$_printf_percent$$00000009)
    .ARM.Collect$$_printf_percent$$0000000C  0x080001aa   Section        6  _printf_x.o(.ARM.Collect$$_printf_percent$$0000000C)
    .ARM.Collect$$_printf_percent$$00000014  0x080001b0   Section        6  _printf_s.o(.ARM.Collect$$_printf_percent$$00000014)
    .ARM.Collect$$_printf_percent$$00000017  0x080001b6   Section        4  _printf_percent_end.o(.ARM.Collect$$_printf_percent$$00000017)
    .ARM.Collect$$libinit$$00000000          0x080001ba   Section        2  libinit.o(.ARM.Collect$$libinit$$00000000)
    .ARM.Collect$$libinit$$00000002          0x080001bc   Section        0  libinit2.o(.ARM.Collect$$libinit$$00000002)
    .ARM.Collect$$libinit$$00000004          0x080001bc   Section        0  libinit2.o(.ARM.Collect$$libinit$$00000004)
    .ARM.Collect$$libinit$$0000000A          0x080001bc   Section        0  libinit2.o(.ARM.Collect$$libinit$$0000000A)
    .ARM.Collect$$libinit$$0000000C          0x080001bc   Section        0  libinit2.o(.ARM.Collect$$libinit$$0000000C)
    .ARM.Collect$$libinit$$0000000E          0x080001bc   Section        0  libinit2.o(.ARM.Collect$$libinit$$0000000E)
    .ARM.Collect$$libinit$$0000000F          0x080001bc   Section        6  libinit2.o(.ARM.Collect$$libinit$$0000000F)
    .ARM.Collect$$libinit$$00000011          0x080001c2   Section        0  libinit2.o(.ARM.Collect$$libinit$$00000011)
    .ARM.Collect$$libinit$$00000012          0x080001c2   Section       12  libinit2.o(.ARM.Collect$$libinit$$00000012)
    .ARM.Collect$$libinit$$00000013          0x080001ce   Section        0  libinit2.o(.ARM.Collect$$libinit$$00000013)
    .ARM.Collect$$libinit$$00000015          0x080001ce   Section        0  libinit2.o(.ARM.Collect$$libinit$$00000015)
    .ARM.Collect$$libinit$$00000017          0x080001ce   Section        0  libinit2.o(.ARM.Collect$$libinit$$00000017)
    .ARM.Collect$$libinit$$00000019          0x080001ce   Section        0  libinit2.o(.ARM.Collect$$libinit$$00000019)
    .ARM.Collect$$libinit$$0000001B          0x080001ce   Section        0  libinit2.o(.ARM.Collect$$libinit$$0000001B)
    .ARM.Collect$$libinit$$0000001D          0x080001ce   Section        0  libinit2.o(.ARM.Collect$$libinit$$0000001D)
    .ARM.Collect$$libinit$$0000001F          0x080001ce   Section        0  libinit2.o(.ARM.Collect$$libinit$$0000001F)
    .ARM.Collect$$libinit$$00000021          0x080001ce   Section        0  libinit2.o(.ARM.Collect$$libinit$$00000021)
    .ARM.Collect$$libinit$$00000023          0x080001ce   Section        0  libinit2.o(.ARM.Collect$$libinit$$00000023)
    .ARM.Collect$$libinit$$00000025          0x080001ce   Section        0  libinit2.o(.ARM.Collect$$libinit$$00000025)
    .ARM.Collect$$libinit$$0000002C          0x080001ce   Section        0  libinit2.o(.ARM.Collect$$libinit$$0000002C)
    .ARM.Collect$$libinit$$0000002E          0x080001ce   Section        0  libinit2.o(.ARM.Collect$$libinit$$0000002E)
    .ARM.Collect$$libinit$$00000030          0x080001ce   Section        0  libinit2.o(.ARM.Collect$$libinit$$00000030)
    .ARM.Collect$$libinit$$00000032          0x080001ce   Section        0  libinit2.o(.ARM.Collect$$libinit$$00000032)
    .ARM.Collect$$libinit$$00000033          0x080001ce   Section        2  libinit2.o(.ARM.Collect$$libinit$$00000033)
    .ARM.Collect$$libshutdown$$00000000      0x080001d0   Section        2  libshutdown.o(.ARM.Collect$$libshutdown$$00000000)
    .ARM.Collect$$libshutdown$$00000003      0x080001d2   Section        0  libshutdown2.o(.ARM.Collect$$libshutdown$$00000003)
    .ARM.Collect$$libshutdown$$00000006      0x080001d2   Section        0  libshutdown2.o(.ARM.Collect$$libshutdown$$00000006)
    .ARM.Collect$$libshutdown$$00000009      0x080001d2   Section        0  libshutdown2.o(.ARM.Collect$$libshutdown$$00000009)
    .ARM.Collect$$libshutdown$$0000000B      0x080001d2   Section        0  libshutdown2.o(.ARM.Collect$$libshutdown$$0000000B)
    .ARM.Collect$$libshutdown$$0000000E      0x080001d2   Section        0  libshutdown2.o(.ARM.Collect$$libshutdown$$0000000E)
    .ARM.Collect$$libshutdown$$0000000F      0x080001d2   Section        2  libshutdown2.o(.ARM.Collect$$libshutdown$$0000000F)
    .ARM.Collect$$rtentry$$00000000          0x080001d4   Section        0  __rtentry.o(.ARM.Collect$$rtentry$$00000000)
    .ARM.Collect$$rtentry$$00000002          0x080001d4   Section        0  __rtentry2.o(.ARM.Collect$$rtentry$$00000002)
    .ARM.Collect$$rtentry$$00000004          0x080001d4   Section        6  __rtentry4.o(.ARM.Collect$$rtentry$$00000004)
    .ARM.Collect$$rtentry$$00000009          0x080001da   Section        0  __rtentry2.o(.ARM.Collect$$rtentry$$00000009)
    .ARM.Collect$$rtentry$$0000000A          0x080001da   Section        4  __rtentry2.o(.ARM.Collect$$rtentry$$0000000A)
    .ARM.Collect$$rtentry$$0000000C          0x080001de   Section        0  __rtentry2.o(.ARM.Collect$$rtentry$$0000000C)
    .ARM.Collect$$rtentry$$0000000D          0x080001de   Section        8  __rtentry2.o(.ARM.Collect$$rtentry$$0000000D)
    .ARM.Collect$$rtexit$$00000000           0x080001e6   Section        2  rtexit.o(.ARM.Collect$$rtexit$$00000000)
    .ARM.Collect$$rtexit$$00000002           0x080001e8   Section        0  rtexit2.o(.ARM.Collect$$rtexit$$00000002)
    .ARM.Collect$$rtexit$$00000003           0x080001e8   Section        4  rtexit2.o(.ARM.Collect$$rtexit$$00000003)
    .ARM.Collect$$rtexit$$00000004           0x080001ec   Section        6  rtexit2.o(.ARM.Collect$$rtexit$$00000004)
    .text                                    0x080001f4   Section        0  main.o(.text)
    .text                                    0x08000568   Section        0  stm32f10x_it.o(.text)
    .text                                    0x08000584   Section        0  system_stm32f10x.o(.text)
    SetSysClockTo72                          0x08000585   Thumb Code   214  system_stm32f10x.o(.text)
    SetSysClock                              0x0800065b   Thumb Code     8  system_stm32f10x.o(.text)
    .text                                    0x08000764   Section        0  led.o(.text)
    .text                                    0x080007b4   Section        0  lcd.o(.text)
    .text                                    0x08005ffc   Section        0  ds18b20.o(.text)
    .text                                    0x08006260   Section        0  flash.o(.text)
    .text                                    0x080065a8   Section        0  key.o(.text)
    .text                                    0x080066a4   Section        0  spi.o(.text)
    .text                                    0x08006784   Section        0  delay.o(.text)
    .text                                    0x08006858   Section        0  usart.o(.text)
    .text                                    0x08006998   Section       64  startup_stm32f10x_hd.o(.text)
    .text                                    0x080069d8   Section        0  stm32f10x_gpio.o(.text)
    .text                                    0x08006d34   Section        0  stm32f10x_rcc.o(.text)
    .text                                    0x080070d8   Section        0  stm32f10x_usart.o(.text)
    .text                                    0x080074e0   Section        0  misc.o(.text)
    .text                                    0x080075bc   Section        0  stm32f10x_spi.o(.text)
    .text                                    0x080078c8   Section        2  use_no_semi_2.o(.text)
    .text                                    0x080078cc   Section        0  noretval__2printf.o(.text)
    .text                                    0x080078e4   Section        0  noretval__2sprintf.o(.text)
    .text                                    0x0800790c   Section        0  __printf.o(.text)
    .text                                    0x08007974   Section        0  _printf_str.o(.text)
    .text                                    0x080079c8   Section        0  _printf_dec.o(.text)
    .text                                    0x08007a40   Section        0  _printf_hex_int.o(.text)
    .text                                    0x08007a98   Section        0  atoi.o(.text)
    .text                                    0x08007ab2   Section        0  heapauxi.o(.text)
    .text                                    0x08007ab8   Section        2  use_no_semi.o(.text)
    .text                                    0x08007abc   Section        8  rt_errno_addr_intlibspace.o(.text)
    .text                                    0x08007ac4   Section        0  _printf_intcommon.o(.text)
    .text                                    0x08007b78   Section        0  _printf_char_common.o(.text)
    _printf_input_char                       0x08007b79   Thumb Code    10  _printf_char_common.o(.text)
    .text                                    0x08007ba8   Section        0  _sputc.o(.text)
    .text                                    0x08007bb2   Section        0  _printf_char.o(.text)
    .text                                    0x08007be0   Section        0  _printf_char_file.o(.text)
    .text                                    0x08007c04   Section        0  strtol.o(.text)
    .text                                    0x08007c74   Section        8  libspace.o(.text)
    .text                                    0x08007c7c   Section       16  rt_ctype_table.o(.text)
    .text                                    0x08007c8c   Section        0  _strtoul.o(.text)
    .text                                    0x08007d2a   Section        0  ferror.o(.text)
    .text                                    0x08007d32   Section       74  sys_stackheap_outer.o(.text)
    .text                                    0x08007d7c   Section        8  rt_locale_intlibspace.o(.text)
    .text                                    0x08007d84   Section        0  _chval.o(.text)
    .text                                    0x08007da0   Section        0  exit.o(.text)
    .text                                    0x08007dac   Section      128  strcmpv7m.o(.text)
    locale$$code                             0x08007e2c   Section       44  lc_ctype_c.o(locale$$code)
    x$fpl$dfix                               0x08007e58   Section       94  dfix.o(x$fpl$dfix)
    x$fpl$dfixu                              0x08007eb8   Section       90  dfixu.o(x$fpl$dfixu)
    x$fpl$dfltu                              0x08007f12   Section       38  dflt_clz.o(x$fpl$dfltu)
    x$fpl$dmul                               0x08007f38   Section      340  dmul.o(x$fpl$dmul)
    x$fpl$dnaninf                            0x0800808c   Section      156  dnaninf.o(x$fpl$dnaninf)
    x$fpl$dretinf                            0x08008128   Section       12  dretinf.o(x$fpl$dretinf)
    x$fpl$f2d                                0x08008134   Section       86  f2d.o(x$fpl$f2d)
    x$fpl$fflt                               0x0800818c   Section       48  fflt_clz.o(x$fpl$fflt)
    x$fpl$fnaninf                            0x080081bc   Section      140  fnaninf.o(x$fpl$fnaninf)
    .constdata                               0x08008248   Section     6080  lcd.o(.constdata)
    x$fpl$usenofp                            0x08008248   Section        0  usenofp.o(x$fpl$usenofp)
    .constdata                               0x08009a08   Section       40  _printf_hex_int.o(.constdata)
    uc_hextab                                0x08009a08   Data          20  _printf_hex_int.o(.constdata)
    lc_hextab                                0x08009a1c   Data          20  _printf_hex_int.o(.constdata)
    locale$$data                             0x08009a50   Section      272  lc_ctype_c.o(locale$$data)
    __lcctype_c_name                         0x08009a54   Data           2  lc_ctype_c.o(locale$$data)
    __lcctype_c_start                        0x08009a5c   Data           0  lc_ctype_c.o(locale$$data)
    __lcctype_c_end                          0x08009b60   Data           0  lc_ctype_c.o(locale$$data)
    .data                                    0x20000000   Section       20  system_stm32f10x.o(.data)
    .data                                    0x20000014   Section        4  lcd.o(.data)
    .data                                    0x20000018   Section        2  flash.o(.data)
    .data                                    0x2000001a   Section        1  key.o(.data)
    key_up                                   0x2000001a   Data           1  key.o(.data)
    .data                                    0x2000001c   Section        4  delay.o(.data)
    fac_us                                   0x2000001c   Data           1  delay.o(.data)
    fac_ms                                   0x2000001e   Data           2  delay.o(.data)
    .data                                    0x20000020   Section        6  usart.o(.data)
    .data                                    0x20000026   Section       20  stm32f10x_rcc.o(.data)
    APBAHBPrescTable                         0x20000026   Data          16  stm32f10x_rcc.o(.data)
    ADCPrescTable                            0x20000036   Data           4  stm32f10x_rcc.o(.data)
    .bss                                     0x2000003c   Section       14  lcd.o(.bss)
    .bss                                     0x2000004a   Section     4096  flash.o(.bss)
    .bss                                     0x2000104a   Section       18  spi.o(.bss)
    .bss                                     0x2000105c   Section      200  usart.o(.bss)
    .bss                                     0x20001124   Section       96  libspace.o(.bss)
    HEAP                                     0x20001188   Section      512  startup_stm32f10x_hd.o(HEAP)
    Heap_Mem                                 0x20001188   Data         512  startup_stm32f10x_hd.o(HEAP)
    STACK                                    0x20001388   Section     1024  startup_stm32f10x_hd.o(STACK)
    Stack_Mem                                0x20001388   Data        1024  startup_stm32f10x_hd.o(STACK)
    __initial_sp                             0x20001788   Data           0  startup_stm32f10x_hd.o(STACK)

    Global Symbols

    Symbol Name                              Value     Ov Type        Size  Object(Section)

    BuildAttributes$$THM_ISAv4$P$D$K$B$S$PE$A:L22UL41UL21$X:L11$S22US41US21$IEEE1$IW$USESV6$~STKCKD$USESV7$~SHL$OSPACE$ROPI$EBA8$UX$STANDARDLIB$REQ8$PRES8$EABIv2 0x00000000   Number         0  anon$$obj.o ABSOLUTE
    __ARM_use_no_argv                        0x00000000   Number         0  main.o ABSOLUTE
    __ARM_exceptions_init                     - Undefined Weak Reference
    __alloca_initialize                       - Undefined Weak Reference
    __arm_preinit_                            - Undefined Weak Reference
    __cpp_initialize__aeabi_                  - Undefined Weak Reference
    __cxa_finalize                            - Undefined Weak Reference
    __sigvec_lookup                           - Undefined Weak Reference
    _atexit_init                              - Undefined Weak Reference
    _call_atexit_fns                          - Undefined Weak Reference
    _clock_init                               - Undefined Weak Reference
    _fp_trap_init                             - Undefined Weak Reference
    _fp_trap_shutdown                         - Undefined Weak Reference
    _get_lc_collate                           - Undefined Weak Reference
    _get_lc_monetary                          - Undefined Weak Reference
    _get_lc_numeric                           - Undefined Weak Reference
    _get_lc_time                              - Undefined Weak Reference
    _getenv_init                              - Undefined Weak Reference
    _handle_redirection                       - Undefined Weak Reference
    _init_alloc                               - Undefined Weak Reference
    _init_user_alloc                          - Undefined Weak Reference
    _initio                                   - Undefined Weak Reference
    _mutex_acquire                            - Undefined Weak Reference
    _mutex_release                            - Undefined Weak Reference
    _printf_mbtowc                            - Undefined Weak Reference
    _printf_post_padding                      - Undefined Weak Reference
    _printf_pre_padding                       - Undefined Weak Reference
    _printf_truncate_signed                   - Undefined Weak Reference
    _printf_truncate_unsigned                 - Undefined Weak Reference
    _rand_init                                - Undefined Weak Reference
    _signal_finish                            - Undefined Weak Reference
    _signal_init                              - Undefined Weak Reference
    _terminate_alloc                          - Undefined Weak Reference
    _terminate_user_alloc                     - Undefined Weak Reference
    _terminateio                              - Undefined Weak Reference
    __Vectors_Size                           0x00000130   Number         0  startup_stm32f10x_hd.o ABSOLUTE
    __Vectors                                0x08000000   Data           4  startup_stm32f10x_hd.o(RESET)
    __Vectors_End                            0x08000130   Data           0  startup_stm32f10x_hd.o(RESET)
    __main                                   0x08000131   Thumb Code     8  __main.o(!!!main)
    __scatterload                            0x08000139   Thumb Code     0  __scatter.o(!!!scatter)
    __scatterload_rt2                        0x08000139   Thumb Code    44  __scatter.o(!!!scatter)
    __scatterload_rt2_thumb_only             0x08000139   Thumb Code     0  __scatter.o(!!!scatter)
    __scatterload_null                       0x08000147   Thumb Code     0  __scatter.o(!!!scatter)
    __scatterload_copy                       0x0800016d   Thumb Code    26  __scatter_copy.o(!!handler_copy)
    __scatterload_zeroinit                   0x08000189   Thumb Code    28  __scatter_zi.o(!!handler_zi)
    _printf_d                                0x080001a5   Thumb Code     0  _printf_d.o(.ARM.Collect$$_printf_percent$$00000009)
    _printf_percent                          0x080001a5   Thumb Code     0  _printf_percent.o(.ARM.Collect$$_printf_percent$$00000000)
    _printf_x                                0x080001ab   Thumb Code     0  _printf_x.o(.ARM.Collect$$_printf_percent$$0000000C)
    _printf_s                                0x080001b1   Thumb Code     0  _printf_s.o(.ARM.Collect$$_printf_percent$$00000014)
    _printf_percent_end                      0x080001b7   Thumb Code     0  _printf_percent_end.o(.ARM.Collect$$_printf_percent$$00000017)
    __rt_lib_init                            0x080001bb   Thumb Code     0  libinit.o(.ARM.Collect$$libinit$$00000000)
    __rt_lib_init_fp_1                       0x080001bd   Thumb Code     0  libinit2.o(.ARM.Collect$$libinit$$00000002)
    __rt_lib_init_heap_1                     0x080001bd   Thumb Code     0  libinit2.o(.ARM.Collect$$libinit$$0000000A)
    __rt_lib_init_lc_common                  0x080001bd   Thumb Code     0  libinit2.o(.ARM.Collect$$libinit$$0000000F)
    __rt_lib_init_preinit_1                  0x080001bd   Thumb Code     0  libinit2.o(.ARM.Collect$$libinit$$00000004)
    __rt_lib_init_rand_1                     0x080001bd   Thumb Code     0  libinit2.o(.ARM.Collect$$libinit$$0000000E)
    __rt_lib_init_user_alloc_1               0x080001bd   Thumb Code     0  libinit2.o(.ARM.Collect$$libinit$$0000000C)
    __rt_lib_init_lc_collate_1               0x080001c3   Thumb Code     0  libinit2.o(.ARM.Collect$$libinit$$00000011)
    __rt_lib_init_lc_ctype_2                 0x080001c3   Thumb Code     0  libinit2.o(.ARM.Collect$$libinit$$00000012)
    __rt_lib_init_alloca_1                   0x080001cf   Thumb Code     0  libinit2.o(.ARM.Collect$$libinit$$0000002E)
    __rt_lib_init_argv_1                     0x080001cf   Thumb Code     0  libinit2.o(.ARM.Collect$$libinit$$0000002C)
    __rt_lib_init_atexit_1                   0x080001cf   Thumb Code     0  libinit2.o(.ARM.Collect$$libinit$$0000001B)
    __rt_lib_init_clock_1                    0x080001cf   Thumb Code     0  libinit2.o(.ARM.Collect$$libinit$$00000021)
    __rt_lib_init_cpp_1                      0x080001cf   Thumb Code     0  libinit2.o(.ARM.Collect$$libinit$$00000032)
    __rt_lib_init_exceptions_1               0x080001cf   Thumb Code     0  libinit2.o(.ARM.Collect$$libinit$$00000030)
    __rt_lib_init_fp_trap_1                  0x080001cf   Thumb Code     0  libinit2.o(.ARM.Collect$$libinit$$0000001F)
    __rt_lib_init_getenv_1                   0x080001cf   Thumb Code     0  libinit2.o(.ARM.Collect$$libinit$$00000023)
    __rt_lib_init_lc_ctype_1                 0x080001cf   Thumb Code     0  libinit2.o(.ARM.Collect$$libinit$$00000013)
    __rt_lib_init_lc_monetary_1              0x080001cf   Thumb Code     0  libinit2.o(.ARM.Collect$$libinit$$00000015)
    __rt_lib_init_lc_numeric_1               0x080001cf   Thumb Code     0  libinit2.o(.ARM.Collect$$libinit$$00000017)
    __rt_lib_init_lc_time_1                  0x080001cf   Thumb Code     0  libinit2.o(.ARM.Collect$$libinit$$00000019)
    __rt_lib_init_return                     0x080001cf   Thumb Code     0  libinit2.o(.ARM.Collect$$libinit$$00000033)
    __rt_lib_init_signal_1                   0x080001cf   Thumb Code     0  libinit2.o(.ARM.Collect$$libinit$$0000001D)
    __rt_lib_init_stdio_1                    0x080001cf   Thumb Code     0  libinit2.o(.ARM.Collect$$libinit$$00000025)
    __rt_lib_shutdown                        0x080001d1   Thumb Code     0  libshutdown.o(.ARM.Collect$$libshutdown$$00000000)
    __rt_lib_shutdown_fp_trap_1              0x080001d3   Thumb Code     0  libshutdown2.o(.ARM.Collect$$libshutdown$$00000006)
    __rt_lib_shutdown_heap_1                 0x080001d3   Thumb Code     0  libshutdown2.o(.ARM.Collect$$libshutdown$$0000000E)
    __rt_lib_shutdown_return                 0x080001d3   Thumb Code     0  libshutdown2.o(.ARM.Collect$$libshutdown$$0000000F)
    __rt_lib_shutdown_signal_1               0x080001d3   Thumb Code     0  libshutdown2.o(.ARM.Collect$$libshutdown$$00000009)
    __rt_lib_shutdown_stdio_1                0x080001d3   Thumb Code     0  libshutdown2.o(.ARM.Collect$$libshutdown$$00000003)
    __rt_lib_shutdown_user_alloc_1           0x080001d3   Thumb Code     0  libshutdown2.o(.ARM.Collect$$libshutdown$$0000000B)
    __rt_entry                               0x080001d5   Thumb Code     0  __rtentry.o(.ARM.Collect$$rtentry$$00000000)
    __rt_entry_presh_1                       0x080001d5   Thumb Code     0  __rtentry2.o(.ARM.Collect$$rtentry$$00000002)
    __rt_entry_sh                            0x080001d5   Thumb Code     0  __rtentry4.o(.ARM.Collect$$rtentry$$00000004)
    __rt_entry_li                            0x080001db   Thumb Code     0  __rtentry2.o(.ARM.Collect$$rtentry$$0000000A)
    __rt_entry_postsh_1                      0x080001db   Thumb Code     0  __rtentry2.o(.ARM.Collect$$rtentry$$00000009)
    __rt_entry_main                          0x080001df   Thumb Code     0  __rtentry2.o(.ARM.Collect$$rtentry$$0000000D)
    __rt_entry_postli_1                      0x080001df   Thumb Code     0  __rtentry2.o(.ARM.Collect$$rtentry$$0000000C)
    __rt_exit                                0x080001e7   Thumb Code     0  rtexit.o(.ARM.Collect$$rtexit$$00000000)
    __rt_exit_ls                             0x080001e9   Thumb Code     0  rtexit2.o(.ARM.Collect$$rtexit$$00000003)
    __rt_exit_prels_1                        0x080001e9   Thumb Code     0  rtexit2.o(.ARM.Collect$$rtexit$$00000002)
    __rt_exit_exit                           0x080001ed   Thumb Code     0  rtexit2.o(.ARM.Collect$$rtexit$$00000004)
    main                                     0x080001f5   Thumb Code   662  main.o(.text)
    NMI_Handler                              0x08000569   Thumb Code     2  stm32f10x_it.o(.text)
    HardFault_Handler                        0x0800056b   Thumb Code     4  stm32f10x_it.o(.text)
    MemManage_Handler                        0x0800056f   Thumb Code     4  stm32f10x_it.o(.text)
    BusFault_Handler                         0x08000573   Thumb Code     4  stm32f10x_it.o(.text)
    UsageFault_Handler                       0x08000577   Thumb Code     4  stm32f10x_it.o(.text)
    SVC_Handler                              0x0800057b   Thumb Code     2  stm32f10x_it.o(.text)
    DebugMon_Handler                         0x0800057d   Thumb Code     2  stm32f10x_it.o(.text)
    PendSV_Handler                           0x0800057f   Thumb Code     2  stm32f10x_it.o(.text)
    SysTick_Handler                          0x08000581   Thumb Code     2  stm32f10x_it.o(.text)
    SystemInit                               0x08000663   Thumb Code    78  system_stm32f10x.o(.text)
    SystemCoreClockUpdate                    0x080006b1   Thumb Code   142  system_stm32f10x.o(.text)
    LED_Init                                 0x08000765   Thumb Code    72  led.o(.text)
    LCD_WR_REG                               0x080007b5   Thumb Code    28  lcd.o(.text)
    LCD_WR_DATAX                             0x080007d1   Thumb Code    28  lcd.o(.text)
    LCD_RD_DATA                              0x080007ed   Thumb Code    98  lcd.o(.text)
    LCD_WriteReg                             0x0800084f   Thumb Code    40  lcd.o(.text)
    LCD_ReadReg                              0x08000877   Thumb Code    16  lcd.o(.text)
    LCD_WriteRAM_Prepare                     0x08000887   Thumb Code    12  lcd.o(.text)
    LCD_WriteRAM                             0x08000893   Thumb Code    28  lcd.o(.text)
    LCD_BGR2RGB                              0x080008af   Thumb Code    26  lcd.o(.text)
    opt_delay                                0x080008c9   Thumb Code    14  lcd.o(.text)
    LCD_SetCursor                            0x080008d7   Thumb Code   956  lcd.o(.text)
    LCD_ReadPoint                            0x08000c93   Thumb Code   506  lcd.o(.text)
    LCD_DisplayOn                            0x08000e8d   Thumb Code    92  lcd.o(.text)
    LCD_DisplayOff                           0x08000ee9   Thumb Code    90  lcd.o(.text)
    LCD_Scan_Dir                             0x08000f43   Thumb Code  1126  lcd.o(.text)
    LCD_DrawPoint                            0x080013a9   Thumb Code    52  lcd.o(.text)
    LCD_Fast_DrawPoint                       0x080013dd   Thumb Code   854  lcd.o(.text)
    LCD_SSD_BackLightSet                     0x08001733   Thumb Code   220  lcd.o(.text)
    LCD_Display_Dir                          0x0800180f   Thumb Code   444  lcd.o(.text)
    LCD_Set_Window                           0x080019cb   Thumb Code  1078  lcd.o(.text)
    LCD_Clear                                0x08001e01   Thumb Code   122  lcd.o(.text)
    LCD_Init                                 0x08001e7b   Thumb Code 15298  lcd.o(.text)
    LCD_Fill                                 0x08005a3d   Thumb Code   200  lcd.o(.text)
    LCD_Color_Fill                           0x08005b05   Thumb Code   116  lcd.o(.text)
    LCD_DrawLine                             0x08005b79   Thumb Code   176  lcd.o(.text)
    LCD_DrawRectangle                        0x08005c29   Thumb Code    60  lcd.o(.text)
    LCD_Draw_Circle                          0x08005c65   Thumb Code   152  lcd.o(.text)
    LCD_ShowChar                             0x08005cfd   Thumb Code   272  lcd.o(.text)
    LCD_Pow                                  0x08005e0d   Thumb Code    22  lcd.o(.text)
    LCD_ShowNum                              0x08005e23   Thumb Code   180  lcd.o(.text)
    LCD_ShowxNum                             0x08005ed7   Thumb Code   190  lcd.o(.text)
    LCD_ShowString                           0x08005f95   Thumb Code   102  lcd.o(.text)
    DS18B20_Rst                              0x08005ffd   Thumb Code    54  ds18b20.o(.text)
    DS18B20_Check                            0x08006033   Thumb Code    96  ds18b20.o(.text)
    DS18B20_Read_Bit                         0x08006093   Thumb Code    96  ds18b20.o(.text)
    DS18B20_Read_Byte                        0x080060f3   Thumb Code    34  ds18b20.o(.text)
    DS18B20_Write_Byte                       0x08006115   Thumb Code   102  ds18b20.o(.text)
    DS18B20_Start                            0x0800617b   Thumb Code    24  ds18b20.o(.text)
    DS18B20_Init                             0x08006193   Thumb Code    54  ds18b20.o(.text)
    DS18B20_Get_Temp                         0x080061c9   Thumb Code   136  ds18b20.o(.text)
    SPI_Flash_ReadID                         0x08006261   Thumb Code    64  flash.o(.text)
    SPI_Flash_Init                           0x080062a1   Thumb Code    64  flash.o(.text)
    SPI_Flash_ReadSR                         0x080062e1   Thumb Code    36  flash.o(.text)
    SPI_FLASH_Write_SR                       0x08006305   Thumb Code    32  flash.o(.text)
    SPI_FLASH_Write_Enable                   0x08006325   Thumb Code    24  flash.o(.text)
    SPI_FLASH_Write_Disable                  0x0800633d   Thumb Code    24  flash.o(.text)
    SPI_Flash_Read                           0x08006355   Thumb Code    74  flash.o(.text)
    SPI_Flash_Wait_Busy                      0x0800639f   Thumb Code    18  flash.o(.text)
    SPI_Flash_Write_Page                     0x080063b1   Thumb Code    80  flash.o(.text)
    SPI_Flash_Write_NoCheck                  0x08006401   Thumb Code    70  flash.o(.text)
    SPI_Flash_Erase_Sector                   0x08006447   Thumb Code    62  flash.o(.text)
    SPI_Flash_Write                          0x08006485   Thumb Code   176  flash.o(.text)
    SPI_Flash_Erase_Chip                     0x08006535   Thumb Code    36  flash.o(.text)
    SPI_Flash_PowerDown                      0x08006559   Thumb Code    30  flash.o(.text)
    SPI_Flash_WAKEUP                         0x08006577   Thumb Code    30  flash.o(.text)
    KEY_Init                                 0x080065a9   Thumb Code    82  key.o(.text)
    KEY_Scan                                 0x080065fb   Thumb Code   154  key.o(.text)
    SPI1_ReadWriteByte                       0x080066a5   Thumb Code    78  spi.o(.text)
    SPI1_Init                                0x080066f3   Thumb Code   108  spi.o(.text)
    SPI1_SetSpeed                            0x0800675f   Thumb Code    26  spi.o(.text)
    delay_init                               0x08006785   Thumb Code    50  delay.o(.text)
    delay_us                                 0x080067b7   Thumb Code    72  delay.o(.text)
    delay_ms                                 0x080067ff   Thumb Code    72  delay.o(.text)
    _sys_exit                                0x08006859   Thumb Code     6  usart.o(.text)
    fputc                                    0x0800685f   Thumb Code    24  usart.o(.text)
    uart_init                                0x08006877   Thumb Code   152  usart.o(.text)
    USART1_IRQHandler                        0x0800690f   Thumb Code   122  usart.o(.text)
    Reset_Handler                            0x08006999   Thumb Code     8  startup_stm32f10x_hd.o(.text)
    ADC1_2_IRQHandler                        0x080069b3   Thumb Code     0  startup_stm32f10x_hd.o(.text)
    ADC3_IRQHandler                          0x080069b3   Thumb Code     0  startup_stm32f10x_hd.o(.text)
    CAN1_RX1_IRQHandler                      0x080069b3   Thumb Code     0  startup_stm32f10x_hd.o(.text)
    CAN1_SCE_IRQHandler                      0x080069b3   Thumb Code     0  startup_stm32f10x_hd.o(.text)
    DMA1_Channel1_IRQHandler                 0x080069b3   Thumb Code     0  startup_stm32f10x_hd.o(.text)
    DMA1_Channel2_IRQHandler                 0x080069b3   Thumb Code     0  startup_stm32f10x_hd.o(.text)
    DMA1_Channel3_IRQHandler                 0x080069b3   Thumb Code     0  startup_stm32f10x_hd.o(.text)
    DMA1_Channel4_IRQHandler                 0x080069b3   Thumb Code     0  startup_stm32f10x_hd.o(.text)
    DMA1_Channel5_IRQHandler                 0x080069b3   Thumb Code     0  startup_stm32f10x_hd.o(.text)
    DMA1_Channel6_IRQHandler                 0x080069b3   Thumb Code     0  startup_stm32f10x_hd.o(.text)
    DMA1_Channel7_IRQHandler                 0x080069b3   Thumb Code     0  startup_stm32f10x_hd.o(.text)
    DMA2_Channel1_IRQHandler                 0x080069b3   Thumb Code     0  startup_stm32f10x_hd.o(.text)
    DMA2_Channel2_IRQHandler                 0x080069b3   Thumb Code     0  startup_stm32f10x_hd.o(.text)
    DMA2_Channel3_IRQHandler                 0x080069b3   Thumb Code     0  startup_stm32f10x_hd.o(.text)
    DMA2_Channel4_5_IRQHandler               0x080069b3   Thumb Code     0  startup_stm32f10x_hd.o(.text)
    EXTI0_IRQHandler                         0x080069b3   Thumb Code     0  startup_stm32f10x_hd.o(.text)
    EXTI15_10_IRQHandler                     0x080069b3   Thumb Code     0  startup_stm32f10x_hd.o(.text)
    EXTI1_IRQHandler                         0x080069b3   Thumb Code     0  startup_stm32f10x_hd.o(.text)
    EXTI2_IRQHandler                         0x080069b3   Thumb Code     0  startup_stm32f10x_hd.o(.text)
    EXTI3_IRQHandler                         0x080069b3   Thumb Code     0  startup_stm32f10x_hd.o(.text)
    EXTI4_IRQHandler                         0x080069b3   Thumb Code     0  startup_stm32f10x_hd.o(.text)
    EXTI9_5_IRQHandler                       0x080069b3   Thumb Code     0  startup_stm32f10x_hd.o(.text)
    FLASH_IRQHandler                         0x080069b3   Thumb Code     0  startup_stm32f10x_hd.o(.text)
    FSMC_IRQHandler                          0x080069b3   Thumb Code     0  startup_stm32f10x_hd.o(.text)
    I2C1_ER_IRQHandler                       0x080069b3   Thumb Code     0  startup_stm32f10x_hd.o(.text)
    I2C1_EV_IRQHandler                       0x080069b3   Thumb Code     0  startup_stm32f10x_hd.o(.text)
    I2C2_ER_IRQHandler                       0x080069b3   Thumb Code     0  startup_stm32f10x_hd.o(.text)
    I2C2_EV_IRQHandler                       0x080069b3   Thumb Code     0  startup_stm32f10x_hd.o(.text)
    PVD_IRQHandler                           0x080069b3   Thumb Code     0  startup_stm32f10x_hd.o(.text)
    RCC_IRQHandler                           0x080069b3   Thumb Code     0  startup_stm32f10x_hd.o(.text)
    RTCAlarm_IRQHandler                      0x080069b3   Thumb Code     0  startup_stm32f10x_hd.o(.text)
    RTC_IRQHandler                           0x080069b3   Thumb Code     0  startup_stm32f10x_hd.o(.text)
    SDIO_IRQHandler                          0x080069b3   Thumb Code     0  startup_stm32f10x_hd.o(.text)
    SPI1_IRQHandler                          0x080069b3   Thumb Code     0  startup_stm32f10x_hd.o(.text)
    SPI2_IRQHandler                          0x080069b3   Thumb Code     0  startup_stm32f10x_hd.o(.text)
    SPI3_IRQHandler                          0x080069b3   Thumb Code     0  startup_stm32f10x_hd.o(.text)
    TAMPER_IRQHandler                        0x080069b3   Thumb Code     0  startup_stm32f10x_hd.o(.text)
    TIM1_BRK_IRQHandler                      0x080069b3   Thumb Code     0  startup_stm32f10x_hd.o(.text)
    TIM1_CC_IRQHandler                       0x080069b3   Thumb Code     0  startup_stm32f10x_hd.o(.text)
    TIM1_TRG_COM_IRQHandler                  0x080069b3   Thumb Code     0  startup_stm32f10x_hd.o(.text)
    TIM1_UP_IRQHandler                       0x080069b3   Thumb Code     0  startup_stm32f10x_hd.o(.text)
    TIM2_IRQHandler                          0x080069b3   Thumb Code     0  startup_stm32f10x_hd.o(.text)
    TIM3_IRQHandler                          0x080069b3   Thumb Code     0  startup_stm32f10x_hd.o(.text)
    TIM4_IRQHandler                          0x080069b3   Thumb Code     0  startup_stm32f10x_hd.o(.text)
    TIM5_IRQHandler                          0x080069b3   Thumb Code     0  startup_stm32f10x_hd.o(.text)
    TIM6_IRQHandler                          0x080069b3   Thumb Code     0  startup_stm32f10x_hd.o(.text)
    TIM7_IRQHandler                          0x080069b3   Thumb Code     0  startup_stm32f10x_hd.o(.text)
    TIM8_BRK_IRQHandler                      0x080069b3   Thumb Code     0  startup_stm32f10x_hd.o(.text)
    TIM8_CC_IRQHandler                       0x080069b3   Thumb Code     0  startup_stm32f10x_hd.o(.text)
    TIM8_TRG_COM_IRQHandler                  0x080069b3   Thumb Code     0  startup_stm32f10x_hd.o(.text)
    TIM8_UP_IRQHandler                       0x080069b3   Thumb Code     0  startup_stm32f10x_hd.o(.text)
    UART4_IRQHandler                         0x080069b3   Thumb Code     0  startup_stm32f10x_hd.o(.text)
    UART5_IRQHandler                         0x080069b3   Thumb Code     0  startup_stm32f10x_hd.o(.text)
    USART2_IRQHandler                        0x080069b3   Thumb Code     0  startup_stm32f10x_hd.o(.text)
    USART3_IRQHandler                        0x080069b3   Thumb Code     0  startup_stm32f10x_hd.o(.text)
    USBWakeUp_IRQHandler                     0x080069b3   Thumb Code     0  startup_stm32f10x_hd.o(.text)
    USB_HP_CAN1_TX_IRQHandler                0x080069b3   Thumb Code     0  startup_stm32f10x_hd.o(.text)
    USB_LP_CAN1_RX0_IRQHandler               0x080069b3   Thumb Code     0  startup_stm32f10x_hd.o(.text)
    WWDG_IRQHandler                          0x080069b3   Thumb Code     0  startup_stm32f10x_hd.o(.text)
    __user_initial_stackheap                 0x080069b5   Thumb Code     0  startup_stm32f10x_hd.o(.text)
    GPIO_DeInit                              0x080069d9   Thumb Code   172  stm32f10x_gpio.o(.text)
    GPIO_AFIODeInit                          0x08006a85   Thumb Code    20  stm32f10x_gpio.o(.text)
    GPIO_Init                                0x08006a99   Thumb Code   278  stm32f10x_gpio.o(.text)
    GPIO_StructInit                          0x08006baf   Thumb Code    16  stm32f10x_gpio.o(.text)
    GPIO_ReadInputDataBit                    0x08006bbf   Thumb Code    18  stm32f10x_gpio.o(.text)
    GPIO_ReadInputData                       0x08006bd1   Thumb Code     8  stm32f10x_gpio.o(.text)
    GPIO_ReadOutputDataBit                   0x08006bd9   Thumb Code    18  stm32f10x_gpio.o(.text)
    GPIO_ReadOutputData                      0x08006beb   Thumb Code     8  stm32f10x_gpio.o(.text)
    GPIO_SetBits                             0x08006bf3   Thumb Code     4  stm32f10x_gpio.o(.text)
    GPIO_ResetBits                           0x08006bf7   Thumb Code     4  stm32f10x_gpio.o(.text)
    GPIO_WriteBit                            0x08006bfb   Thumb Code    10  stm32f10x_gpio.o(.text)
    GPIO_Write                               0x08006c05   Thumb Code     4  stm32f10x_gpio.o(.text)
    GPIO_PinLockConfig                       0x08006c09   Thumb Code    18  stm32f10x_gpio.o(.text)
    GPIO_EventOutputConfig                   0x08006c1b   Thumb Code    26  stm32f10x_gpio.o(.text)
    GPIO_EventOutputCmd                      0x08006c35   Thumb Code     6  stm32f10x_gpio.o(.text)
    GPIO_PinRemapConfig                      0x08006c3b   Thumb Code   138  stm32f10x_gpio.o(.text)
    GPIO_EXTILineConfig                      0x08006cc5   Thumb Code    66  stm32f10x_gpio.o(.text)
    GPIO_ETH_MediaInterfaceConfig            0x08006d07   Thumb Code     8  stm32f10x_gpio.o(.text)
    RCC_DeInit                               0x08006d35   Thumb Code    64  stm32f10x_rcc.o(.text)
    RCC_HSEConfig                            0x08006d75   Thumb Code    70  stm32f10x_rcc.o(.text)
    RCC_GetFlagStatus                        0x08006dbb   Thumb Code    56  stm32f10x_rcc.o(.text)
    RCC_WaitForHSEStartUp                    0x08006df3   Thumb Code    56  stm32f10x_rcc.o(.text)
    RCC_AdjustHSICalibrationValue            0x08006e2b   Thumb Code    20  stm32f10x_rcc.o(.text)
    RCC_HSICmd                               0x08006e3f   Thumb Code     6  stm32f10x_rcc.o(.text)
    RCC_PLLConfig                            0x08006e45   Thumb Code    24  stm32f10x_rcc.o(.text)
    RCC_PLLCmd                               0x08006e5d   Thumb Code     6  stm32f10x_rcc.o(.text)
    RCC_SYSCLKConfig                         0x08006e63   Thumb Code    18  stm32f10x_rcc.o(.text)
    RCC_GetSYSCLKSource                      0x08006e75   Thumb Code    10  stm32f10x_rcc.o(.text)
    RCC_HCLKConfig                           0x08006e7f   Thumb Code    18  stm32f10x_rcc.o(.text)
    RCC_PCLK1Config                          0x08006e91   Thumb Code    18  stm32f10x_rcc.o(.text)
    RCC_PCLK2Config                          0x08006ea3   Thumb Code    20  stm32f10x_rcc.o(.text)
    RCC_ITConfig                             0x08006eb7   Thumb Code    26  stm32f10x_rcc.o(.text)
    RCC_USBCLKConfig                         0x08006ed1   Thumb Code     8  stm32f10x_rcc.o(.text)
    RCC_ADCCLKConfig                         0x08006ed9   Thumb Code    18  stm32f10x_rcc.o(.text)
    RCC_LSEConfig                            0x08006eeb   Thumb Code    50  stm32f10x_rcc.o(.text)
    RCC_LSICmd                               0x08006f1d   Thumb Code     6  stm32f10x_rcc.o(.text)
    RCC_RTCCLKConfig                         0x08006f23   Thumb Code    12  stm32f10x_rcc.o(.text)
    RCC_RTCCLKCmd                            0x08006f2f   Thumb Code     8  stm32f10x_rcc.o(.text)
    RCC_GetClocksFreq                        0x08006f37   Thumb Code   192  stm32f10x_rcc.o(.text)
    RCC_AHBPeriphClockCmd                    0x08006ff7   Thumb Code    26  stm32f10x_rcc.o(.text)
    RCC_APB2PeriphClockCmd                   0x08007011   Thumb Code    26  stm32f10x_rcc.o(.text)
    RCC_APB1PeriphClockCmd                   0x0800702b   Thumb Code    26  stm32f10x_rcc.o(.text)
    RCC_APB2PeriphResetCmd                   0x08007045   Thumb Code    26  stm32f10x_rcc.o(.text)
    RCC_APB1PeriphResetCmd                   0x0800705f   Thumb Code    26  stm32f10x_rcc.o(.text)
    RCC_BackupResetCmd                       0x08007079   Thumb Code     8  stm32f10x_rcc.o(.text)
    RCC_ClockSecuritySystemCmd               0x08007081   Thumb Code     6  stm32f10x_rcc.o(.text)
    RCC_MCOConfig                            0x08007087   Thumb Code     6  stm32f10x_rcc.o(.text)
    RCC_ClearFlag                            0x0800708d   Thumb Code    14  stm32f10x_rcc.o(.text)
    RCC_GetITStatus                          0x0800709b   Thumb Code    20  stm32f10x_rcc.o(.text)
    RCC_ClearITPendingBit                    0x080070af   Thumb Code     6  stm32f10x_rcc.o(.text)
    USART_DeInit                             0x080070d9   Thumb Code   134  stm32f10x_usart.o(.text)
    USART_Init                               0x0800715f   Thumb Code   210  stm32f10x_usart.o(.text)
    USART_StructInit                         0x08007231   Thumb Code    24  stm32f10x_usart.o(.text)
    USART_ClockInit                          0x08007249   Thumb Code    34  stm32f10x_usart.o(.text)
    USART_ClockStructInit                    0x0800726b   Thumb Code    12  stm32f10x_usart.o(.text)
    USART_Cmd                                0x08007277   Thumb Code    24  stm32f10x_usart.o(.text)
    USART_ITConfig                           0x0800728f   Thumb Code    74  stm32f10x_usart.o(.text)
    USART_DMACmd                             0x080072d9   Thumb Code    18  stm32f10x_usart.o(.text)
    USART_SetAddress                         0x080072eb   Thumb Code    18  stm32f10x_usart.o(.text)
    USART_WakeUpConfig                       0x080072fd   Thumb Code    18  stm32f10x_usart.o(.text)
    USART_ReceiverWakeUpCmd                  0x0800730f   Thumb Code    24  stm32f10x_usart.o(.text)
    USART_LINBreakDetectLengthConfig         0x08007327   Thumb Code    18  stm32f10x_usart.o(.text)
    USART_LINCmd                             0x08007339   Thumb Code    24  stm32f10x_usart.o(.text)
    USART_SendData                           0x08007351   Thumb Code     8  stm32f10x_usart.o(.text)
    USART_ReceiveData                        0x08007359   Thumb Code    10  stm32f10x_usart.o(.text)
    USART_SendBreak                          0x08007363   Thumb Code    10  stm32f10x_usart.o(.text)
    USART_SetGuardTime                       0x0800736d   Thumb Code    16  stm32f10x_usart.o(.text)
    USART_SetPrescaler                       0x0800737d   Thumb Code    16  stm32f10x_usart.o(.text)
    USART_SmartCardCmd                       0x0800738d   Thumb Code    24  stm32f10x_usart.o(.text)
    USART_SmartCardNACKCmd                   0x080073a5   Thumb Code    24  stm32f10x_usart.o(.text)
    USART_HalfDuplexCmd                      0x080073bd   Thumb Code    24  stm32f10x_usart.o(.text)
    USART_OverSampling8Cmd                   0x080073d5   Thumb Code    22  stm32f10x_usart.o(.text)
    USART_OneBitMethodCmd                    0x080073eb   Thumb Code    24  stm32f10x_usart.o(.text)
    USART_IrDAConfig                         0x08007403   Thumb Code    18  stm32f10x_usart.o(.text)
    USART_IrDACmd                            0x08007415   Thumb Code    24  stm32f10x_usart.o(.text)
    USART_GetFlagStatus                      0x0800742d   Thumb Code    26  stm32f10x_usart.o(.text)
    USART_ClearFlag                          0x08007447   Thumb Code    18  stm32f10x_usart.o(.text)
    USART_GetITStatus                        0x08007459   Thumb Code    84  stm32f10x_usart.o(.text)
    USART_ClearITPendingBit                  0x080074ad   Thumb Code    52  stm32f10x_usart.o(.text)
    NVIC_PriorityGroupConfig                 0x080074e1   Thumb Code    10  misc.o(.text)
    NVIC_Init                                0x080074eb   Thumb Code   100  misc.o(.text)
    NVIC_SetVectorTable                      0x0800754f   Thumb Code    14  misc.o(.text)
    NVIC_SystemLPConfig                      0x0800755d   Thumb Code    34  misc.o(.text)
    SysTick_CLKSourceConfig                  0x0800757f   Thumb Code    40  misc.o(.text)
    SPI_I2S_DeInit                           0x080075bd   Thumb Code    76  stm32f10x_spi.o(.text)
    SPI_Init                                 0x08007609   Thumb Code    60  stm32f10x_spi.o(.text)
    I2S_Init                                 0x08007645   Thumb Code   226  stm32f10x_spi.o(.text)
    SPI_StructInit                           0x08007727   Thumb Code    24  stm32f10x_spi.o(.text)
    I2S_StructInit                           0x0800773f   Thumb Code    20  stm32f10x_spi.o(.text)
    SPI_Cmd                                  0x08007753   Thumb Code    24  stm32f10x_spi.o(.text)
    I2S_Cmd                                  0x0800776b   Thumb Code    24  stm32f10x_spi.o(.text)
    SPI_I2S_ITConfig                         0x08007783   Thumb Code    32  stm32f10x_spi.o(.text)
    SPI_I2S_DMACmd                           0x080077a3   Thumb Code    18  stm32f10x_spi.o(.text)
    SPI_I2S_SendData                         0x080077b5   Thumb Code     4  stm32f10x_spi.o(.text)
    SPI_I2S_ReceiveData                      0x080077b9   Thumb Code     6  stm32f10x_spi.o(.text)
    SPI_NSSInternalSoftwareConfig            0x080077bf   Thumb Code    30  stm32f10x_spi.o(.text)
    SPI_SSOutputCmd                          0x080077dd   Thumb Code    24  stm32f10x_spi.o(.text)
    SPI_DataSizeConfig                       0x080077f5   Thumb Code    18  stm32f10x_spi.o(.text)
    SPI_TransmitCRC                          0x08007807   Thumb Code    10  stm32f10x_spi.o(.text)
    SPI_CalculateCRC                         0x08007811   Thumb Code    24  stm32f10x_spi.o(.text)
    SPI_GetCRC                               0x08007829   Thumb Code    16  stm32f10x_spi.o(.text)
    SPI_GetCRCPolynomial                     0x08007839   Thumb Code     6  stm32f10x_spi.o(.text)
    SPI_BiDirectionalLineConfig              0x0800783f   Thumb Code    28  stm32f10x_spi.o(.text)
    SPI_I2S_GetFlagStatus                    0x0800785b   Thumb Code    18  stm32f10x_spi.o(.text)
    SPI_I2S_ClearFlag                        0x0800786d   Thumb Code     6  stm32f10x_spi.o(.text)
    SPI_I2S_GetITStatus                      0x08007873   Thumb Code    52  stm32f10x_spi.o(.text)
    SPI_I2S_ClearITPendingBit                0x080078a7   Thumb Code    20  stm32f10x_spi.o(.text)
    __use_no_semihosting                     0x080078c9   Thumb Code     2  use_no_semi_2.o(.text)
    __2printf                                0x080078cd   Thumb Code    20  noretval__2printf.o(.text)
    __2sprintf                               0x080078e5   Thumb Code    34  noretval__2sprintf.o(.text)
    __printf                                 0x0800790d   Thumb Code   104  __printf.o(.text)
    _printf_str                              0x08007975   Thumb Code    82  _printf_str.o(.text)
    _printf_int_dec                          0x080079c9   Thumb Code   104  _printf_dec.o(.text)
    _printf_int_hex                          0x08007a41   Thumb Code    84  _printf_hex_int.o(.text)
    _printf_longlong_hex                     0x08007a41   Thumb Code     0  _printf_hex_int.o(.text)
    atoi                                     0x08007a99   Thumb Code    26  atoi.o(.text)
    __use_two_region_memory                  0x08007ab3   Thumb Code     2  heapauxi.o(.text)
    __rt_heap_escrow$2region                 0x08007ab5   Thumb Code     2  heapauxi.o(.text)
    __rt_heap_expand$2region                 0x08007ab7   Thumb Code     2  heapauxi.o(.text)
    __I$use$semihosting                      0x08007ab9   Thumb Code     0  use_no_semi.o(.text)
    __use_no_semihosting_swi                 0x08007ab9   Thumb Code     2  use_no_semi.o(.text)
    __aeabi_errno_addr                       0x08007abd   Thumb Code     8  rt_errno_addr_intlibspace.o(.text)
    __errno$intlibspace                      0x08007abd   Thumb Code     0  rt_errno_addr_intlibspace.o(.text)
    __rt_errno_addr$intlibspace              0x08007abd   Thumb Code     0  rt_errno_addr_intlibspace.o(.text)
    _printf_int_common                       0x08007ac5   Thumb Code   178  _printf_intcommon.o(.text)
    _printf_char_common                      0x08007b83   Thumb Code    32  _printf_char_common.o(.text)
    _sputc                                   0x08007ba9   Thumb Code    10  _sputc.o(.text)
    _printf_cs_common                        0x08007bb3   Thumb Code    20  _printf_char.o(.text)
    _printf_char                             0x08007bc7   Thumb Code    16  _printf_char.o(.text)
    _printf_string                           0x08007bd7   Thumb Code     8  _printf_char.o(.text)
    _printf_char_file                        0x08007be1   Thumb Code    32  _printf_char_file.o(.text)
    strtol                                   0x08007c05   Thumb Code   112  strtol.o(.text)
    __user_libspace                          0x08007c75   Thumb Code     8  libspace.o(.text)
    __user_perproc_libspace                  0x08007c75   Thumb Code     0  libspace.o(.text)
    __user_perthread_libspace                0x08007c75   Thumb Code     0  libspace.o(.text)
    __rt_ctype_table                         0x08007c7d   Thumb Code    16  rt_ctype_table.o(.text)
    _strtoul                                 0x08007c8d   Thumb Code   158  _strtoul.o(.text)
    ferror                                   0x08007d2b   Thumb Code     8  ferror.o(.text)
    __user_setup_stackheap                   0x08007d33   Thumb Code    74  sys_stackheap_outer.o(.text)
    __rt_locale                              0x08007d7d   Thumb Code     8  rt_locale_intlibspace.o(.text)
    _chval                                   0x08007d85   Thumb Code    28  _chval.o(.text)
    exit                                     0x08007da1   Thumb Code    12  exit.o(.text)
    strcmp                                   0x08007dad   Thumb Code   128  strcmpv7m.o(.text)
    _get_lc_ctype                            0x08007e2d   Thumb Code    44  lc_ctype_c.o(locale$$code)
    __aeabi_d2iz                             0x08007e59   Thumb Code     0  dfix.o(x$fpl$dfix)
    _dfix                                    0x08007e59   Thumb Code    94  dfix.o(x$fpl$dfix)
    __aeabi_d2uiz                            0x08007eb9   Thumb Code     0  dfixu.o(x$fpl$dfixu)
    _dfixu                                   0x08007eb9   Thumb Code    90  dfixu.o(x$fpl$dfixu)
    __aeabi_ui2d                             0x08007f13   Thumb Code     0  dflt_clz.o(x$fpl$dfltu)
    _dfltu                                   0x08007f13   Thumb Code    38  dflt_clz.o(x$fpl$dfltu)
    __aeabi_dmul                             0x08007f39   Thumb Code     0  dmul.o(x$fpl$dmul)
    _dmul                                    0x08007f39   Thumb Code   332  dmul.o(x$fpl$dmul)
    __fpl_dnaninf                            0x0800808d   Thumb Code   156  dnaninf.o(x$fpl$dnaninf)
    __fpl_dretinf                            0x08008129   Thumb Code    12  dretinf.o(x$fpl$dretinf)
    __aeabi_f2d                              0x08008135   Thumb Code     0  f2d.o(x$fpl$f2d)
    _f2d                                     0x08008135   Thumb Code    86  f2d.o(x$fpl$f2d)
    __aeabi_i2f                              0x0800818d   Thumb Code     0  fflt_clz.o(x$fpl$fflt)
    _fflt                                    0x0800818d   Thumb Code    48  fflt_clz.o(x$fpl$fflt)
    __fpl_fnaninf                            0x080081bd   Thumb Code   140  fnaninf.o(x$fpl$fnaninf)
    __I$use$fp                               0x08008248   Number         0  usenofp.o(x$fpl$usenofp)
    asc2_1206                                0x08008248   Data        1140  lcd.o(.constdata)
    asc2_1608                                0x080086bc   Data        1520  lcd.o(.constdata)
    asc2_2412                                0x08008cac   Data        3420  lcd.o(.constdata)
    Region$$Table$$Base                      0x08009a30   Number         0  anon$$obj.o(Region$$Table)
    Region$$Table$$Limit                     0x08009a50   Number         0  anon$$obj.o(Region$$Table)
    __ctype                                  0x08009a5d   Data           0  lc_ctype_c.o(locale$$data)
    SystemCoreClock                          0x20000000   Data           4  system_stm32f10x.o(.data)
    AHBPrescTable                            0x20000004   Data          16  system_stm32f10x.o(.data)
    POINT_COLOR                              0x20000014   Data           2  lcd.o(.data)
    BACK_COLOR                               0x20000016   Data           2  lcd.o(.data)
    SPI_FLASH_TYPE                           0x20000018   Data           2  flash.o(.data)
    __stdout                                 0x20000020   Data           4  usart.o(.data)
    USART_RX_STA                             0x20000024   Data           2  usart.o(.data)
    lcddev                                   0x2000003c   Data          14  lcd.o(.bss)
    SPI_FLASH_BUF                            0x2000004a   Data        4096  flash.o(.bss)
    SPI_InitStructure                        0x2000104a   Data          18  spi.o(.bss)
    USART_RX_BUF                             0x2000105c   Data         200  usart.o(.bss)
    __libspace_start                         0x20001124   Data          96  libspace.o(.bss)
    __temporary_stack_top$libspace           0x20001184   Data           0  libspace.o(.bss)



==============================================================================

Memory Map of the image

  Image Entry point : 0x08000131

  Load Region LR_IROM1 (Base: 0x08000000, Size: 0x00009b9c, Max: 0x00040000, ABSOLUTE)

    Execution Region ER_IROM1 (Base: 0x08000000, Size: 0x00009b60, Max: 0x00040000, ABSOLUTE)

    Base Addr    Size         Type   Attr      Idx    E Section Name        Object

    0x08000000   0x00000130   Data   RO          369    RESET               startup_stm32f10x_hd.o
    0x08000130   0x00000008   Code   RO          530  * !!!main             c_w.l(__main.o)
    0x08000138   0x00000034   Code   RO          755    !!!scatter          c_w.l(__scatter.o)
    0x0800016c   0x0000001a   Code   RO          757    !!handler_copy      c_w.l(__scatter_copy.o)
    0x08000186   0x00000002   PAD
    0x08000188   0x0000001c   Code   RO          759    !!handler_zi        c_w.l(__scatter_zi.o)
    0x080001a4   0x00000000   Code   RO          525    .ARM.Collect$$_printf_percent$$00000000  c_w.l(_printf_percent.o)
    0x080001a4   0x00000006   Code   RO          524    .ARM.Collect$$_printf_percent$$00000009  c_w.l(_printf_d.o)
    0x080001aa   0x00000006   Code   RO          523    .ARM.Collect$$_printf_percent$$0000000C  c_w.l(_printf_x.o)
    0x080001b0   0x00000006   Code   RO          522    .ARM.Collect$$_printf_percent$$00000014  c_w.l(_printf_s.o)
    0x080001b6   0x00000004   Code   RO          574    .ARM.Collect$$_printf_percent$$00000017  c_w.l(_printf_percent_end.o)
    0x080001ba   0x00000002   Code   RO          631    .ARM.Collect$$libinit$$00000000  c_w.l(libinit.o)
    0x080001bc   0x00000000   Code   RO          637    .ARM.Collect$$libinit$$00000002  c_w.l(libinit2.o)
    0x080001bc   0x00000000   Code   RO          639    .ARM.Collect$$libinit$$00000004  c_w.l(libinit2.o)
    0x080001bc   0x00000000   Code   RO          642    .ARM.Collect$$libinit$$0000000A  c_w.l(libinit2.o)
    0x080001bc   0x00000000   Code   RO          644    .ARM.Collect$$libinit$$0000000C  c_w.l(libinit2.o)
    0x080001bc   0x00000000   Code   RO          646    .ARM.Collect$$libinit$$0000000E  c_w.l(libinit2.o)
    0x080001bc   0x00000006   Code   RO          647    .ARM.Collect$$libinit$$0000000F  c_w.l(libinit2.o)
    0x080001c2   0x00000000   Code   RO          649    .ARM.Collect$$libinit$$00000011  c_w.l(libinit2.o)
    0x080001c2   0x0000000c   Code   RO          650    .ARM.Collect$$libinit$$00000012  c_w.l(libinit2.o)
    0x080001ce   0x00000000   Code   RO          651    .ARM.Collect$$libinit$$00000013  c_w.l(libinit2.o)
    0x080001ce   0x00000000   Code   RO          653    .ARM.Collect$$libinit$$00000015  c_w.l(libinit2.o)
    0x080001ce   0x00000000   Code   RO          655    .ARM.Collect$$libinit$$00000017  c_w.l(libinit2.o)
    0x080001ce   0x00000000   Code   RO          657    .ARM.Collect$$libinit$$00000019  c_w.l(libinit2.o)
    0x080001ce   0x00000000   Code   RO          659    .ARM.Collect$$libinit$$0000001B  c_w.l(libinit2.o)
    0x080001ce   0x00000000   Code   RO          661    .ARM.Collect$$libinit$$0000001D  c_w.l(libinit2.o)
    0x080001ce   0x00000000   Code   RO          663    .ARM.Collect$$libinit$$0000001F  c_w.l(libinit2.o)
    0x080001ce   0x00000000   Code   RO          665    .ARM.Collect$$libinit$$00000021  c_w.l(libinit2.o)
    0x080001ce   0x00000000   Code   RO          667    .ARM.Collect$$libinit$$00000023  c_w.l(libinit2.o)
    0x080001ce   0x00000000   Code   RO          669    .ARM.Collect$$libinit$$00000025  c_w.l(libinit2.o)
    0x080001ce   0x00000000   Code   RO          673    .ARM.Collect$$libinit$$0000002C  c_w.l(libinit2.o)
    0x080001ce   0x00000000   Code   RO          675    .ARM.Collect$$libinit$$0000002E  c_w.l(libinit2.o)
    0x080001ce   0x00000000   Code   RO          677    .ARM.Collect$$libinit$$00000030  c_w.l(libinit2.o)
    0x080001ce   0x00000000   Code   RO          679    .ARM.Collect$$libinit$$00000032  c_w.l(libinit2.o)
    0x080001ce   0x00000002   Code   RO          680    .ARM.Collect$$libinit$$00000033  c_w.l(libinit2.o)
    0x080001d0   0x00000002   Code   RO          698    .ARM.Collect$$libshutdown$$00000000  c_w.l(libshutdown.o)
    0x080001d2   0x00000000   Code   RO          709    .ARM.Collect$$libshutdown$$00000003  c_w.l(libshutdown2.o)
    0x080001d2   0x00000000   Code   RO          712    .ARM.Collect$$libshutdown$$00000006  c_w.l(libshutdown2.o)
    0x080001d2   0x00000000   Code   RO          715    .ARM.Collect$$libshutdown$$00000009  c_w.l(libshutdown2.o)
    0x080001d2   0x00000000   Code   RO          717    .ARM.Collect$$libshutdown$$0000000B  c_w.l(libshutdown2.o)
    0x080001d2   0x00000000   Code   RO          720    .ARM.Collect$$libshutdown$$0000000E  c_w.l(libshutdown2.o)
    0x080001d2   0x00000002   Code   RO          721    .ARM.Collect$$libshutdown$$0000000F  c_w.l(libshutdown2.o)
    0x080001d4   0x00000000   Code   RO          558    .ARM.Collect$$rtentry$$00000000  c_w.l(__rtentry.o)
    0x080001d4   0x00000000   Code   RO          588    .ARM.Collect$$rtentry$$00000002  c_w.l(__rtentry2.o)
    0x080001d4   0x00000006   Code   RO          600    .ARM.Collect$$rtentry$$00000004  c_w.l(__rtentry4.o)
    0x080001da   0x00000000   Code   RO          590    .ARM.Collect$$rtentry$$00000009  c_w.l(__rtentry2.o)
    0x080001da   0x00000004   Code   RO          591    .ARM.Collect$$rtentry$$0000000A  c_w.l(__rtentry2.o)
    0x080001de   0x00000000   Code   RO          593    .ARM.Collect$$rtentry$$0000000C  c_w.l(__rtentry2.o)
    0x080001de   0x00000008   Code   RO          594    .ARM.Collect$$rtentry$$0000000D  c_w.l(__rtentry2.o)
    0x080001e6   0x00000002   Code   RO          632    .ARM.Collect$$rtexit$$00000000  c_w.l(rtexit.o)
    0x080001e8   0x00000000   Code   RO          682    .ARM.Collect$$rtexit$$00000002  c_w.l(rtexit2.o)
    0x080001e8   0x00000004   Code   RO          683    .ARM.Collect$$rtexit$$00000003  c_w.l(rtexit2.o)
    0x080001ec   0x00000006   Code   RO          684    .ARM.Collect$$rtexit$$00000004  c_w.l(rtexit2.o)
    0x080001f2   0x00000002   PAD
    0x080001f4   0x00000374   Code   RO            1    .text               main.o
    0x08000568   0x0000001a   Code   RO          143    .text               stm32f10x_it.o
    0x08000582   0x00000002   PAD
    0x08000584   0x000001e0   Code   RO          184    .text               system_stm32f10x.o
    0x08000764   0x00000050   Code   RO          202    .text               led.o
    0x080007b4   0x00005846   Code   RO          214    .text               lcd.o
    0x08005ffa   0x00000002   PAD
    0x08005ffc   0x00000264   Code   RO          244    .text               ds18b20.o
    0x08006260   0x00000348   Code   RO          256    .text               flash.o
    0x080065a8   0x000000fc   Code   RO          275    .text               key.o
    0x080066a4   0x000000e0   Code   RO          288    .text               spi.o
    0x08006784   0x000000d4   Code   RO          303    .text               delay.o
    0x08006858   0x00000140   Code   RO          334    .text               usart.o
    0x08006998   0x00000040   Code   RO          370    .text               startup_stm32f10x_hd.o
    0x080069d8   0x0000035c   Code   RO          374    .text               stm32f10x_gpio.o
    0x08006d34   0x000003a4   Code   RO          386    .text               stm32f10x_rcc.o
    0x080070d8   0x00000408   Code   RO          400    .text               stm32f10x_usart.o
    0x080074e0   0x000000dc   Code   RO          412    .text               misc.o
    0x080075bc   0x0000030c   Code   RO          436    .text               stm32f10x_spi.o
    0x080078c8   0x00000002   Code   RO          465    .text               c_w.l(use_no_semi_2.o)
    0x080078ca   0x00000002   PAD
    0x080078cc   0x00000018   Code   RO          471    .text               c_w.l(noretval__2printf.o)
    0x080078e4   0x00000028   Code   RO          473    .text               c_w.l(noretval__2sprintf.o)
    0x0800790c   0x00000068   Code   RO          475    .text               c_w.l(__printf.o)
    0x08007974   0x00000052   Code   RO          477    .text               c_w.l(_printf_str.o)
    0x080079c6   0x00000002   PAD
    0x080079c8   0x00000078   Code   RO          479    .text               c_w.l(_printf_dec.o)
    0x08007a40   0x00000058   Code   RO          484    .text               c_w.l(_printf_hex_int.o)
    0x08007a98   0x0000001a   Code   RO          526    .text               c_w.l(atoi.o)
    0x08007ab2   0x00000006   Code   RO          528    .text               c_w.l(heapauxi.o)
    0x08007ab8   0x00000002   Code   RO          556    .text               c_w.l(use_no_semi.o)
    0x08007aba   0x00000002   PAD
    0x08007abc   0x00000008   Code   RO          562    .text               c_w.l(rt_errno_addr_intlibspace.o)
    0x08007ac4   0x000000b2   Code   RO          564    .text               c_w.l(_printf_intcommon.o)
    0x08007b76   0x00000002   PAD
    0x08007b78   0x00000030   Code   RO          566    .text               c_w.l(_printf_char_common.o)
    0x08007ba8   0x0000000a   Code   RO          568    .text               c_w.l(_sputc.o)
    0x08007bb2   0x0000002c   Code   RO          570    .text               c_w.l(_printf_char.o)
    0x08007bde   0x00000002   PAD
    0x08007be0   0x00000024   Code   RO          572    .text               c_w.l(_printf_char_file.o)
    0x08007c04   0x00000070   Code   RO          575    .text               c_w.l(strtol.o)
    0x08007c74   0x00000008   Code   RO          584    .text               c_w.l(libspace.o)
    0x08007c7c   0x00000010   Code   RO          602    .text               c_w.l(rt_ctype_table.o)
    0x08007c8c   0x0000009e   Code   RO          606    .text               c_w.l(_strtoul.o)
    0x08007d2a   0x00000008   Code   RO          608    .text               c_w.l(ferror.o)
    0x08007d32   0x0000004a   Code   RO          612    .text               c_w.l(sys_stackheap_outer.o)
    0x08007d7c   0x00000008   Code   RO          617    .text               c_w.l(rt_locale_intlibspace.o)
    0x08007d84   0x0000001c   Code   RO          619    .text               c_w.l(_chval.o)
    0x08007da0   0x0000000c   Code   RO          624    .text               c_w.l(exit.o)
    0x08007dac   0x00000080   Code   RO          634    .text               c_w.l(strcmpv7m.o)
    0x08007e2c   0x0000002c   Code   RO          622    locale$$code        c_w.l(lc_ctype_c.o)
    0x08007e58   0x0000005e   Code   RO          532    x$fpl$dfix          fz_ws.l(dfix.o)
    0x08007eb6   0x00000002   PAD
    0x08007eb8   0x0000005a   Code   RO          536    x$fpl$dfixu         fz_ws.l(dfixu.o)
    0x08007f12   0x00000026   Code   RO          540    x$fpl$dfltu         fz_ws.l(dflt_clz.o)
    0x08007f38   0x00000154   Code   RO          546    x$fpl$dmul          fz_ws.l(dmul.o)
    0x0800808c   0x0000009c   Code   RO          577    x$fpl$dnaninf       fz_ws.l(dnaninf.o)
    0x08008128   0x0000000c   Code   RO          579    x$fpl$dretinf       fz_ws.l(dretinf.o)
    0x08008134   0x00000056   Code   RO          548    x$fpl$f2d           fz_ws.l(f2d.o)
    0x0800818a   0x00000002   PAD
    0x0800818c   0x00000030   Code   RO          551    x$fpl$fflt          fz_ws.l(fflt_clz.o)
    0x080081bc   0x0000008c   Code   RO          581    x$fpl$fnaninf       fz_ws.l(fnaninf.o)
    0x08008248   0x00000000   Code   RO          583    x$fpl$usenofp       fz_ws.l(usenofp.o)
    0x08008248   0x000017c0   Data   RO          216    .constdata          lcd.o
    0x08009a08   0x00000028   Data   RO          485    .constdata          c_w.l(_printf_hex_int.o)
    0x08009a30   0x00000020   Data   RO          753    Region$$Table       anon$$obj.o
    0x08009a50   0x00000110   Data   RO          621    locale$$data        c_w.l(lc_ctype_c.o)


    Execution Region RW_IRAM1 (Base: 0x20000000, Size: 0x00001788, Max: 0x0000c000, ABSOLUTE)

    Base Addr    Size         Type   Attr      Idx    E Section Name        Object

    0x20000000   0x00000014   Data   RW          185    .data               system_stm32f10x.o
    0x20000014   0x00000004   Data   RW          217    .data               lcd.o
    0x20000018   0x00000002   Data   RW          258    .data               flash.o
    0x2000001a   0x00000001   Data   RW          276    .data               key.o
    0x2000001b   0x00000001   PAD
    0x2000001c   0x00000004   Data   RW          304    .data               delay.o
    0x20000020   0x00000006   Data   RW          336    .data               usart.o
    0x20000026   0x00000014   Data   RW          387    .data               stm32f10x_rcc.o
    0x2000003a   0x00000002   PAD
    0x2000003c   0x0000000e   Zero   RW          215    .bss                lcd.o
    0x2000004a   0x00001000   Zero   RW          257    .bss                flash.o
    0x2000104a   0x00000012   Zero   RW          289    .bss                spi.o
    0x2000105c   0x000000c8   Zero   RW          335    .bss                usart.o
    0x20001124   0x00000060   Zero   RW          585    .bss                c_w.l(libspace.o)
    0x20001184   0x00000004   PAD
    0x20001188   0x00000200   Zero   RW          368    HEAP                startup_stm32f10x_hd.o
    0x20001388   0x00000400   Zero   RW          367    STACK               startup_stm32f10x_hd.o


==============================================================================

Image component sizes


      Code (inc. data)   RO Data    RW Data    ZI Data      Debug   Object Name

       212         18          0          4          0        991   delay.o
       612         16          0          0          0       2194   ds18b20.o
       840         20          0          2       4096       4289   flash.o
       252         16          0          1          0        812   key.o
     22598        208       6080          4         14      24303   lcd.o
        80          8          0          0          0        483   led.o
       884        222          0          0          0     240187   main.o
       220         22          0          0          0       1769   misc.o
       224         12          0          0         18       1237   spi.o
        64         26        304          0       1536        776   startup_stm32f10x_hd.o
       860         38          0          0          0       5613   stm32f10x_gpio.o
        26          0          0          0          0       1166   stm32f10x_it.o
       932         36          0         20          0       8768   stm32f10x_rcc.o
       780         14          0          0          0       6494   stm32f10x_spi.o
      1032         22          0          0          0       8340   stm32f10x_usart.o
         0          0          0          0          0         32   sys.o
       480         38          0         20          0       1695   system_stm32f10x.o
       320         16          0          6        200       3102   usart.o

    ----------------------------------------------------------------------
     30420        732       6416         60       5864     312251   Object Totals
         0          0         32          0          0          0   (incl. Generated)
         4          0          0          3          0          0   (incl. Padding)

    ----------------------------------------------------------------------

      Code (inc. data)   RO Data    RW Data    ZI Data      Debug   Library Member Name

         8          0          0          0          0         68   __main.o
       104          0          0          0          0         84   __printf.o
         0          0          0          0          0          0   __rtentry.o
        12          0          0          0          0          0   __rtentry2.o
         6          0          0          0          0          0   __rtentry4.o
        52          8          0          0          0          0   __scatter.o
        26          0          0          0          0          0   __scatter_copy.o
        28          0          0          0          0          0   __scatter_zi.o
        28          0          0          0          0         68   _chval.o
        44          0          0          0          0        108   _printf_char.o
        48          6          0          0          0         96   _printf_char_common.o
        36          4          0          0          0         80   _printf_char_file.o
         6          0          0          0          0          0   _printf_d.o
       120         16          0          0          0         92   _printf_dec.o
        88          4         40          0          0         88   _printf_hex_int.o
       178          0          0          0          0         88   _printf_intcommon.o
         0          0          0          0          0          0   _printf_percent.o
         4          0          0          0          0          0   _printf_percent_end.o
         6          0          0          0          0          0   _printf_s.o
        82          0          0          0          0         80   _printf_str.o
         6          0          0          0          0          0   _printf_x.o
        10          0          0          0          0         68   _sputc.o
       158          0          0          0          0         92   _strtoul.o
        26          0          0          0          0         80   atoi.o
        12          0          0          0          0         72   exit.o
         8          0          0          0          0         68   ferror.o
         6          0          0          0          0        152   heapauxi.o
        44         10        272          0          0         76   lc_ctype_c.o
         2          0          0          0          0          0   libinit.o
        20          0          0          0          0          0   libinit2.o
         2          0          0          0          0          0   libshutdown.o
         2          0          0          0          0          0   libshutdown2.o
         8          4          0          0         96         68   libspace.o
        24          4          0          0          0         84   noretval__2printf.o
        40          6          0          0          0         84   noretval__2sprintf.o
        16          4          0          0          0         76   rt_ctype_table.o
         8          4          0          0          0         68   rt_errno_addr_intlibspace.o
         8          4          0          0          0         68   rt_locale_intlibspace.o
         2          0          0          0          0          0   rtexit.o
        10          0          0          0          0          0   rtexit2.o
       128          0          0          0          0         68   strcmpv7m.o
       112          0          0          0          0         88   strtol.o
        74          0          0          0          0         80   sys_stackheap_outer.o
         2          0          0          0          0         68   use_no_semi.o
         2          0          0          0          0         68   use_no_semi_2.o
        94          4          0          0          0         92   dfix.o
        90          4          0          0          0         92   dfixu.o
        38          0          0          0          0         68   dflt_clz.o
       340         12          0          0          0        104   dmul.o
       156          4          0          0          0         92   dnaninf.o
        12          0          0          0          0         68   dretinf.o
        86          4          0          0          0         84   f2d.o
        48          0          0          0          0         68   fflt_clz.o
       140          4          0          0          0         84   fnaninf.o
         0          0          0          0          0          0   usenofp.o

    ----------------------------------------------------------------------
      2628        106        312          0        100       3032   Library Totals
        18          0          0          0          4          0   (incl. Padding)

    ----------------------------------------------------------------------

      Code (inc. data)   RO Data    RW Data    ZI Data      Debug   Library Name

      1606         74        312          0         96       2280   c_w.l
      1004         32          0          0          0        752   fz_ws.l

    ----------------------------------------------------------------------
      2628        106        312          0        100       3032   Library Totals

    ----------------------------------------------------------------------

==============================================================================


      Code (inc. data)   RO Data    RW Data    ZI Data      Debug   

     33048        838       6728         60       5964     312367   Grand Totals
     33048        838       6728         60       5964     312367   ELF Image Totals
     33048        838       6728         60          0          0   ROM Totals

==============================================================================

    Total RO  Size (Code + RO Data)                39776 (  38.84kB)
    Total RW  Size (RW Data + ZI Data)              6024 (   5.88kB)
    Total ROM Size (Code + RO Data + RW Data)      39836 (  38.90kB)

==============================================================================

